C3 grün 390 hell false
C3 grün 390 hell true
C3 grün 390 dunkel false
C3 grün 390 dunkel true
C3 grün 320 hell false
C3 grün 320 hell true
C3 grün 320 dunkel false
C3 grün 320 dunkel true
C3 grün 820 hell false
C3 grün 820 hell true
C3 grün 820 dunkel false
C3 grün 820 dunkel true
C3 grün 1440 hell false
C3 grün 1440 hell true
C3 grün 1440 dunkel false
C3 grün 1440 dunkel true
C4 grün 390 hell false
C4 grün 390 hell true
C4 grün 390 dunkel false
C4 grün 390 dunkel true
C4 grün 320 hell false
C4 grün 320 hell true
C4 grün 320 dunkel false
C4 grün 320 dunkel true
C4 grün 820 hell false
C4 grün 820 hell true
C4 grün 820 dunkel false
C4 grün 820 dunkel true
C4 grün 1440 hell false
C4 grün 1440 hell true
C4 grün 1440 dunkel false
C4 grün 1440 dunkel true
C5 grün 390 hell false
C5 grün 390 hell true
C5 grün 390 dunkel false
C5 grün 390 dunkel true
C5 grün 320 hell false
C5 grün 320 hell true
C5 grün 320 dunkel false
C5 grün 320 dunkel true
C5 grün 820 hell false
C5 grün 820 hell true
C5 grün 820 dunkel false
C5 grün 820 dunkel true
C5 grün 1440 hell false
C5 grün 1440 hell true
C5 grün 1440 dunkel false
C5 grün 1440 dunkel true
C6 grün 390 hell false
C6 grün 390 hell true
C6 grün 390 dunkel false
C6 grün 390 dunkel true
C6 grün 320 hell false
C6 grün 320 hell true
C6 grün 320 dunkel false
C6 grün 320 dunkel true
C6 grün 820 hell false
C6 grün 820 hell true
C6 grün 820 dunkel false
C6 grün 820 dunkel true
C6 grün 1440 hell false
C6 grün 1440 hell true
C6 grün 1440 dunkel false
C6 grün 1440 dunkel true
C7 grün 390 hell false
C7 grün 390 hell true
C7 grün 390 dunkel false
C7 grün 390 dunkel true
C7 grün 320 hell false
C7 grün 320 hell true
C7 grün 320 dunkel false
C7 grün 320 dunkel true
C7 grün 820 hell false
C7 grün 820 hell true
C7 grün 820 dunkel false
C7 grün 820 dunkel true
C7 grün 1440 hell false
C7 grün 1440 hell true
C7 grün 1440 dunkel false
C7 grün 1440 dunkel true
C8 Kontrast 5.42 Breite 1.00
C8 grün 390 hell false
C8 Kontrast 5.42 Breite 1.00
C8 grün 390 hell true
C8 Kontrast 5.17 Breite 1.00
C8 grün 390 dunkel false
C8 Kontrast 5.17 Breite 1.00
C8 grün 390 dunkel true
C8 Kontrast 5.42 Breite 1.00
C8 grün 320 hell false
C8 Kontrast 5.42 Breite 1.00
C8 grün 320 hell true
C8 Kontrast 5.17 Breite 1.00
C8 grün 320 dunkel false
C8 Kontrast 5.17 Breite 1.00
C8 grün 320 dunkel true
C8 Kontrast 5.42 Breite 1.00
C8 grün 820 hell false
C8 Kontrast 5.42 Breite 1.00
C8 grün 820 hell true
C8 Kontrast 5.17 Breite 1.00
C8 grün 820 dunkel false
C8 Kontrast 5.17 Breite 1.00
C8 grün 820 dunkel true
C8 Kontrast 5.42 Breite 1.00
C8 grün 1440 hell false
C8 Kontrast 5.42 Breite 1.00
C8 grün 1440 hell true
C8 Kontrast 5.17 Breite 1.00
C8 grün 1440 dunkel false
C8 Kontrast 5.17 Breite 1.00
C8 grün 1440 dunkel true
C17 grün 390 hell false
C17 grün 390 hell true
C17 grün 390 dunkel false
C17 grün 390 dunkel true
C17 grün 320 hell false
C17 grün 320 hell true
C17 grün 320 dunkel false
C17 grün 320 dunkel true
C17 grün 820 hell false
C17 grün 820 hell true
C17 grün 820 dunkel false
C17 grün 820 dunkel true
C17 grün 1440 hell false
C17 grün 1440 hell true
C17 grün 1440 dunkel false
C17 grün 1440 dunkel true
C19 grün 390 hell false
C19 grün 390 hell true
C19 grün 390 dunkel false
C19 grün 390 dunkel true
C19 grün 320 hell false
C19 grün 320 hell true
C19 grün 320 dunkel false
C19 grün 320 dunkel true
C19 grün 820 hell false
C19 grün 820 hell true
C19 grün 820 dunkel false
C19 grün 820 dunkel true
C19 grün 1440 hell false
C19 grün 1440 hell true
C19 grün 1440 dunkel false
C19 grün 1440 dunkel true
C20 grün 390 hell false
C20 grün 390 hell true
C20 grün 390 dunkel false
C20 grün 390 dunkel true
C20 grün 320 hell false
C20 grün 320 hell true
C20 grün 320 dunkel false
C20 grün 320 dunkel true
C20 grün 820 hell false
C20 grün 820 hell true
C20 grün 820 dunkel false
C20 grün 820 dunkel true
C20 grün 1440 hell false
C20 grün 1440 hell true
C20 grün 1440 dunkel false
C20 grün 1440 dunkel true
C21 grün 390 hell false
C21 grün 390 hell true
AssertionError [ERR_ASSERTION]: C21 Fortschritt nach 600ms noch bewegt
+ actual - expected

+ [
+   'einstieg-kachel'
+ ]
- []

    at Object.C21 (C:\Users\USER\Desktop\Wiederholung\plan\werkzeuge\pruefstand\t_paket_c_weiter.js:193:10)
    at async C:\Users\USER\Desktop\Wiederholung\plan\werkzeuge\pruefstand\t_paket_c_weiter.js:343:7 {
  generatedMessage: false,
  code: 'ERR_ASSERTION',
  actual: [Array],
  expected: [],
  operator: 'deepStrictEqual',
  diff: 'simple'
}

Prozess: {"code":1,"signal":null,"zeitlimit":false,"fehler":null,"sekunden":630,"quelltext":"a8d8e5938646949fef30e7fdfb79dece7d34f493ebd8ddd9efb93ff1c9c8bff0"}
