D1 390 voll hell bewegt: 4 Schließwege grün
D1 390 voll hell ruhig: 4 Schließwege grün
D1 390 voll dunkel bewegt: 4 Schließwege grün
D1 390 voll dunkel ruhig: 4 Schließwege grün
D1 390 leer hell bewegt: 4 Schließwege grün
D1 390 leer hell ruhig: 4 Schließwege grün
D1 390 leer dunkel bewegt: 4 Schließwege grün
D1 390 leer dunkel ruhig: 4 Schließwege grün
D1 320 voll hell bewegt: 4 Schließwege grün
D1 320 voll hell ruhig: 4 Schließwege grün
D1 320 voll dunkel bewegt: 4 Schließwege grün
D1 320 voll dunkel ruhig: 4 Schließwege grün
D1 320 leer hell bewegt: 4 Schließwege grün
D1 320 leer hell ruhig: 4 Schließwege grün
D1 320 leer dunkel bewegt: 4 Schließwege grün
D1 320 leer dunkel ruhig: 4 Schließwege grün
D1 820 voll hell bewegt: 4 Schließwege grün
D1 820 voll hell ruhig: 4 Schließwege grün
D1 820 voll dunkel bewegt: 4 Schließwege grün
D1 820 voll dunkel ruhig: 4 Schließwege grün
D1 820 leer hell bewegt: 4 Schließwege grün
D1 820 leer hell ruhig: 4 Schließwege grün
D1 820 leer dunkel bewegt: 4 Schließwege grün
D1 820 leer dunkel ruhig: 4 Schließwege grün
D1 1440 voll hell bewegt: 4 Schließwege grün
D1 1440 voll hell ruhig: 4 Schließwege grün
D1 1440 voll dunkel bewegt: 4 Schließwege grün
D1 1440 voll dunkel ruhig: 4 Schließwege grün
D1 1440 leer hell bewegt: 4 Schließwege grün
D1 1440 leer hell ruhig: 4 Schließwege grün
D1 1440 leer dunkel bewegt: 4 Schließwege grün
D1 1440 leer dunkel ruhig: 4 Schließwege grün
D2 390: Leerlauf 0, Rand-/Abbruchfälle grün
D2 1440: Leerlauf 0, Rand-/Abbruchfälle grün
D 390 hell bewegt voll grün
D 390 hell bewegt leer grün
D 390 hell ruhig voll grün
D 390 hell ruhig leer grün
D 390 dunkel bewegt voll grün
D 390 dunkel bewegt leer grün
D 390 dunkel ruhig voll grün
D 390 dunkel ruhig leer grün
D 320 hell bewegt voll grün
D 320 hell bewegt leer grün
D 320 hell ruhig voll grün
D 320 hell ruhig leer grün
D 320 dunkel bewegt voll grün
D 320 dunkel bewegt leer grün
D 320 dunkel ruhig voll grün
D 320 dunkel ruhig leer grün
D 820 hell bewegt voll grün
D 820 hell bewegt leer grün
D 820 hell ruhig voll grün
D 820 hell ruhig leer grün
D 820 dunkel bewegt voll grün
D 820 dunkel bewegt leer grün
D 820 dunkel ruhig voll grün
D 820 dunkel ruhig leer grün
D 390 hell bewegt voll grün
D 390 hell bewegt leer grün
D 390 hell ruhig voll grün
D 390 hell ruhig leer grün
D 390 dunkel bewegt voll grün
D 390 dunkel bewegt leer grün
D 390 dunkel ruhig voll grün
D 390 dunkel ruhig leer grün
D 320 hell bewegt voll grün
D 320 hell bewegt leer grün
D 320 hell ruhig voll grün
D 320 hell ruhig leer grün
D 320 dunkel bewegt voll grün
D 320 dunkel bewegt leer grün
D 320 dunkel ruhig voll grün
D 320 dunkel ruhig leer grün
D 820 hell bewegt voll grün
D 820 hell bewegt leer grün
D 820 hell ruhig voll grün
D 820 hell ruhig leer grün
D 820 dunkel bewegt voll grün
D 820 dunkel bewegt leer grün
D 820 dunkel ruhig voll grün
D 820 dunkel ruhig leer grün
D 390 hell bewegt voll grün
D 390 hell bewegt leer grün
D 390 hell ruhig voll grün
D 390 hell ruhig leer grün
D 390 dunkel bewegt voll grün
D 390 dunkel bewegt leer grün
D 390 dunkel ruhig voll grün
D 390 dunkel ruhig leer grün
D 320 hell bewegt voll grün
D 320 hell bewegt leer grün
D 320 hell ruhig voll grün
D 320 hell ruhig leer grün
D 320 dunkel bewegt voll grün
D 320 dunkel bewegt leer grün
D 320 dunkel ruhig voll grün
D 320 dunkel ruhig leer grün
D 820 hell bewegt voll grün
D 820 hell bewegt leer grün
D 820 hell ruhig voll grün
D 820 hell ruhig leer grün
D 820 dunkel bewegt voll grün
D 820 dunkel bewegt leer grün
D 820 dunkel ruhig voll grün
D 820 dunkel ruhig leer grün
D 390 hell bewegt voll grün
D 390 hell bewegt leer grün
D 390 hell ruhig voll grün
D 390 hell ruhig leer grün
D 390 dunkel bewegt voll grün
D 390 dunkel bewegt leer grün
D 390 dunkel ruhig voll grün
D 390 dunkel ruhig leer grün
D 320 hell bewegt voll grün
D 320 hell bewegt leer grün
D 320 hell ruhig voll grün
D 320 hell ruhig leer grün
D 320 dunkel bewegt voll grün
D 320 dunkel bewegt leer grün
D 320 dunkel ruhig voll grün
D 320 dunkel ruhig leer grün
D 820 hell bewegt voll grün
D 820 hell bewegt leer grün
D 820 hell ruhig voll grün
D 820 hell ruhig leer grün
D 820 dunkel bewegt voll grün
D 820 dunkel bewegt leer grün
D 820 dunkel ruhig voll grün
D 820 dunkel ruhig leer grün
D 390 hell bewegt voll grün
D 390 hell bewegt leer grün
D 390 hell ruhig voll grün
D 390 hell ruhig leer grün
D 390 dunkel bewegt voll grün
D 390 dunkel bewegt leer grün
D 390 dunkel ruhig voll grün
D 390 dunkel ruhig leer grün
D 320 hell bewegt voll grün
D 320 hell bewegt leer grün
D 320 hell ruhig voll grün
D 320 hell ruhig leer grün
D 320 dunkel bewegt voll grün
D 320 dunkel bewegt leer grün
D 320 dunkel ruhig voll grün
D 320 dunkel ruhig leer grün
D 820 hell bewegt voll grün
D 820 hell bewegt leer grün
D 820 hell ruhig voll grün
D 820 hell ruhig leer grün
D 820 dunkel bewegt voll grün
D 820 dunkel bewegt leer grün
D 820 dunkel ruhig voll grün
D 820 dunkel ruhig leer grün
D 390 hell bewegt voll grün
D 390 hell bewegt leer grün
D 390 hell ruhig voll grün
D 390 hell ruhig leer grün
D 390 dunkel bewegt voll grün
D 390 dunkel bewegt leer grün
D 390 dunkel ruhig voll grün
D 390 dunkel ruhig leer grün
D 320 hell bewegt voll grün
D 320 hell bewegt leer grün
D 320 hell ruhig voll grün
D 320 hell ruhig leer grün
D 320 dunkel bewegt voll grün
D 320 dunkel bewegt leer grün
D 320 dunkel ruhig voll grün
D 320 dunkel ruhig leer grün
D 820 hell bewegt voll grün
D 820 hell bewegt leer grün
D 820 hell ruhig voll grün
D 820 hell ruhig leer grün
D 820 dunkel bewegt voll grün
D 820 dunkel bewegt leer grün
D 820 dunkel ruhig voll grün
D 820 dunkel ruhig leer grün
D 390 hell bewegt voll grün
D 390 hell bewegt leer grün
D 390 hell ruhig voll grün
D 390 hell ruhig leer grün
D 390 dunkel bewegt voll grün
D 390 dunkel bewegt leer grün
D 390 dunkel ruhig voll grün
D 390 dunkel ruhig leer grün
D 320 hell bewegt voll grün
D 320 hell bewegt leer grün
D 320 hell ruhig voll grün
D 320 hell ruhig leer grün
D 320 dunkel bewegt voll grün
D 320 dunkel bewegt leer grün
D 320 dunkel ruhig voll grün
D 320 dunkel ruhig leer grün
D 820 hell bewegt voll grün
D 820 hell bewegt leer grün
D 820 hell ruhig voll grün
D 820 hell ruhig leer grün
D 820 dunkel bewegt voll grün
D 820 dunkel bewegt leer grün
D 820 dunkel ruhig voll grün
D 820 dunkel ruhig leer grün
D 390 hell bewegt voll grün
D 390 hell bewegt leer grün
D 390 hell ruhig voll grün
D 390 hell ruhig leer grün
AssertionError [ERR_ASSERTION]: D11 keine fünf Austrittsbilder: [{"t":2407.800000011921,"op":1},{"t":2426.900000035763,"op":1},{"t":2444.300000011921,"op":1},{"t":2462.2000000476837,"op":1},{"t":2480.600000023842,"op":1},{"t":2498.400000035763,"op":1},{"t":2517,"op":1},{"t":2535.7000000476837,"op":1},{"t":2554.5,"op":1},{"t":2573,"op":1},{"t":2590.7000000476837,"op":1},{"t":2609.100000023842,"op":1},{"t":2626.5,"op":0.889919},{"t":2644.400000035763,"op":0.777419},{"t":2662.7000000476837,"op":0.664294},{"t":2679.900000035763,"op":0.556169}]
    at C:\Users\USER\Desktop\Wiederholung\plan\werkzeuge\pruefstand\t_paket_d.js:243:21
    at async matrix (C:\Users\USER\Desktop\Wiederholung\plan\werkzeuge\pruefstand\t_paket_d.js:136:50)
    at async d11 (C:\Users\USER\Desktop\Wiederholung\plan\werkzeuge\pruefstand\t_paket_d.js:235:24)
    at async C:\Users\USER\Desktop\Wiederholung\plan\werkzeuge\pruefstand\t_paket_d.js:304:131 {
  generatedMessage: false,
  code: 'ERR_ASSERTION',
  actual: false,
  expected: true,
  operator: '==',
  diff: 'simple'
}

Prozess: {"code":1,"signal":null,"zeitlimit":false,"fehler":null,"sekunden":1010,"quelltext":"4831e49fee8705fccf8195b5e1e6ad138acf3b679a996e5dcfa58bb09fa5ec79"}
