D1 390 voll hell bewegt: 4 Schließwege grün
D1 390 voll hell ruhig: 4 Schließwege grün
D1 390 voll dunkel bewegt: 4 Schließwege grün
D1 390 voll dunkel ruhig: 4 Schließwege grün
D1 390 leer hell bewegt: 4 Schließwege grün
D1 390 leer hell ruhig: 4 Schließwege grün
D1 390 leer dunkel bewegt: 4 Schließwege grün
D1 390 leer dunkel ruhig: 4 Schließwege grün
D1 320 voll hell bewegt: 4 Schließwege grün
D1 320 voll hell ruhig: 4 Schließwege grün
D1 320 voll dunkel bewegt: 4 Schließwege grün
D1 320 voll dunkel ruhig: 4 Schließwege grün
D1 320 leer hell bewegt: 4 Schließwege grün
D1 320 leer hell ruhig: 4 Schließwege grün
D1 320 leer dunkel bewegt: 4 Schließwege grün
D1 320 leer dunkel ruhig: 4 Schließwege grün
D1 820 voll hell bewegt: 4 Schließwege grün
D1 820 voll hell ruhig: 4 Schließwege grün
D1 820 voll dunkel bewegt: 4 Schließwege grün
D1 820 voll dunkel ruhig: 4 Schließwege grün
D1 820 leer hell bewegt: 4 Schließwege grün
D1 820 leer hell ruhig: 4 Schließwege grün
D1 820 leer dunkel bewegt: 4 Schließwege grün
D1 820 leer dunkel ruhig: 4 Schließwege grün
D1 1440 voll hell bewegt: 4 Schließwege grün
D1 1440 voll hell ruhig: 4 Schließwege grün
D1 1440 voll dunkel bewegt: 4 Schließwege grün
D1 1440 voll dunkel ruhig: 4 Schließwege grün
D1 1440 leer hell bewegt: 4 Schließwege grün
D1 1440 leer hell ruhig: 4 Schließwege grün
D1 1440 leer dunkel bewegt: 4 Schließwege grün
D1 1440 leer dunkel ruhig: 4 Schließwege grün
D2 390: Leerlauf 0, Rand-/Abbruchfälle grün
D2 1440: Leerlauf 0, Rand-/Abbruchfälle grün
D 390 hell bewegt voll grün
D 390 hell bewegt leer grün
D 390 hell ruhig voll grün
D 390 hell ruhig leer grün
D 390 dunkel bewegt voll grün
D 390 dunkel bewegt leer grün
D 390 dunkel ruhig voll grün
D 390 dunkel ruhig leer grün
D 320 hell bewegt voll grün
D 320 hell bewegt leer grün
D 320 hell ruhig voll grün
D 320 hell ruhig leer grün
D 320 dunkel bewegt voll grün
D 320 dunkel bewegt leer grün
D 320 dunkel ruhig voll grün
D 320 dunkel ruhig leer grün
D 820 hell bewegt voll grün
D 820 hell bewegt leer grün
D 820 hell ruhig voll grün
D 820 hell ruhig leer grün
D 820 dunkel bewegt voll grün
D 820 dunkel bewegt leer grün
D 820 dunkel ruhig voll grün
D 820 dunkel ruhig leer grün
D 390 hell bewegt voll grün
D 390 hell bewegt leer grün
D 390 hell ruhig voll grün
D 390 hell ruhig leer grün
D 390 dunkel bewegt voll grün
D 390 dunkel bewegt leer grün
D 390 dunkel ruhig voll grün
D 390 dunkel ruhig leer grün
D 320 hell bewegt voll grün
D 320 hell bewegt leer grün
D 320 hell ruhig voll grün
D 320 hell ruhig leer grün
D 320 dunkel bewegt voll grün
D 320 dunkel bewegt leer grün
D 320 dunkel ruhig voll grün
D 320 dunkel ruhig leer grün
D 820 hell bewegt voll grün
D 820 hell bewegt leer grün
D 820 hell ruhig voll grün
D 820 hell ruhig leer grün
D 820 dunkel bewegt voll grün
D 820 dunkel bewegt leer grün
D 820 dunkel ruhig voll grün
D 820 dunkel ruhig leer grün
D 390 hell bewegt voll grün
D 390 hell bewegt leer grün
D 390 hell ruhig voll grün
D 390 hell ruhig leer grün
D 390 dunkel bewegt voll grün
D 390 dunkel bewegt leer grün
D 390 dunkel ruhig voll grün
D 390 dunkel ruhig leer grün
D 320 hell bewegt voll grün
D 320 hell bewegt leer grün
D 320 hell ruhig voll grün
D 320 hell ruhig leer grün
D 320 dunkel bewegt voll grün
D 320 dunkel bewegt leer grün
D 320 dunkel ruhig voll grün
D 320 dunkel ruhig leer grün
D 820 hell bewegt voll grün
D 820 hell bewegt leer grün
D 820 hell ruhig voll grün
D 820 hell ruhig leer grün
D 820 dunkel bewegt voll grün
D 820 dunkel bewegt leer grün
D 820 dunkel ruhig voll grün
D 820 dunkel ruhig leer grün
D 390 hell bewegt voll grün
D 390 hell bewegt leer grün
D 390 hell ruhig voll grün
D 390 hell ruhig leer grün
D 390 dunkel bewegt voll grün
D 390 dunkel bewegt leer grün
D 390 dunkel ruhig voll grün
D 390 dunkel ruhig leer grün
D 320 hell bewegt voll grün
D 320 hell bewegt leer grün
D 320 hell ruhig voll grün
D 320 hell ruhig leer grün
D 320 dunkel bewegt voll grün
D 320 dunkel bewegt leer grün
D 320 dunkel ruhig voll grün
D 320 dunkel ruhig leer grün
D 820 hell bewegt voll grün
D 820 hell bewegt leer grün
D 820 hell ruhig voll grün
D 820 hell ruhig leer grün
D 820 dunkel bewegt voll grün
D 820 dunkel bewegt leer grün
D 820 dunkel ruhig voll grün
D 820 dunkel ruhig leer grün
D 390 hell bewegt voll grün
D 390 hell bewegt leer grün
D 390 hell ruhig voll grün
D 390 hell ruhig leer grün
D 390 dunkel bewegt voll grün
D 390 dunkel bewegt leer grün
D 390 dunkel ruhig voll grün
D 390 dunkel ruhig leer grün
D 320 hell bewegt voll grün
D 320 hell bewegt leer grün
D 320 hell ruhig voll grün
D 320 hell ruhig leer grün
D 320 dunkel bewegt voll grün
D 320 dunkel bewegt leer grün
D 320 dunkel ruhig voll grün
D 320 dunkel ruhig leer grün
D 820 hell bewegt voll grün
D 820 hell bewegt leer grün
D 820 hell ruhig voll grün
D 820 hell ruhig leer grün
D 820 dunkel bewegt voll grün
D 820 dunkel bewegt leer grün
D 820 dunkel ruhig voll grün
D 820 dunkel ruhig leer grün
D 390 hell bewegt voll grün
D 390 hell bewegt leer grün
D 390 hell ruhig voll grün
D 390 hell ruhig leer grün
D 390 dunkel bewegt voll grün
D 390 dunkel bewegt leer grün
D 390 dunkel ruhig voll grün
D 390 dunkel ruhig leer grün
D 320 hell bewegt voll grün
D 320 hell bewegt leer grün
D 320 hell ruhig voll grün
D 320 hell ruhig leer grün
D 320 dunkel bewegt voll grün
D 320 dunkel bewegt leer grün
D 320 dunkel ruhig voll grün
D 320 dunkel ruhig leer grün
D 820 hell bewegt voll grün
D 820 hell bewegt leer grün
D 820 hell ruhig voll grün
D 820 hell ruhig leer grün
D 820 dunkel bewegt voll grün
D 820 dunkel bewegt leer grün
D 820 dunkel ruhig voll grün
D 820 dunkel ruhig leer grün
D 390 hell bewegt voll grün
D 390 hell bewegt leer grün
D 390 hell ruhig voll grün
D 390 hell ruhig leer grün
D 390 dunkel bewegt voll grün
D 390 dunkel bewegt leer grün
D 390 dunkel ruhig voll grün
D 390 dunkel ruhig leer grün
D 320 hell bewegt voll grün
D 320 hell bewegt leer grün
D 320 hell ruhig voll grün
D 320 hell ruhig leer grün
D 320 dunkel bewegt voll grün
D 320 dunkel bewegt leer grün
D 320 dunkel ruhig voll grün
D 320 dunkel ruhig leer grün
D 820 hell bewegt voll grün
D 820 hell bewegt leer grün
D 820 hell ruhig voll grün
D 820 hell ruhig leer grün
D 820 dunkel bewegt voll grün
D 820 dunkel bewegt leer grün
D 820 dunkel ruhig voll grün
D 820 dunkel ruhig leer grün
D 390 hell bewegt voll grün
D 390 hell bewegt leer grün
D 390 hell ruhig voll grün
D 390 hell ruhig leer grün
D 390 dunkel bewegt voll grün
D 390 dunkel bewegt leer grün
D 390 dunkel ruhig voll grün
D 390 dunkel ruhig leer grün
D 320 hell bewegt voll grün
D 320 hell bewegt leer grün
D 320 hell ruhig voll grün
D 320 hell ruhig leer grün
AssertionError [ERR_ASSERTION]: D11 keine fünf Austrittsbilder: [{"t":2425.800000011921,"op":1},{"t":2443,"op":1},{"t":2460.800000011921,"op":1},{"t":2478.899999976158,"op":1},{"t":2496.599999964237,"op":1},{"t":2515,"op":1},{"t":2532.800000011921,"op":1},{"t":2550.699999988079,"op":1},{"t":2568.199999988079,"op":1},{"t":2585.699999988079,"op":1},{"t":2603.199999988079,"op":1},{"t":2620.599999964237,"op":1},{"t":2638.599999964237,"op":0.888831},{"t":2656.199999988079,"op":0.778206},{"t":2673.5,"op":0.668831},{"t":2691.300000011921,"op":0.558831}]
    at C:\Users\USER\Desktop\Wiederholung\plan\werkzeuge\pruefstand\t_paket_d.js:243:21
    at async matrix (C:\Users\USER\Desktop\Wiederholung\plan\werkzeuge\pruefstand\t_paket_d.js:136:50)
    at async d11 (C:\Users\USER\Desktop\Wiederholung\plan\werkzeuge\pruefstand\t_paket_d.js:235:24)
    at async C:\Users\USER\Desktop\Wiederholung\plan\werkzeuge\pruefstand\t_paket_d.js:304:131 {
  generatedMessage: false,
  code: 'ERR_ASSERTION',
  actual: false,
  expected: true,
  operator: '==',
  diff: 'simple'
}

Prozess: {"code":1,"signal":null,"zeitlimit":false,"fehler":null,"sekunden":1070,"quelltext":"4831e49fee8705fccf8195b5e1e6ad138acf3b679a996e5dcfa58bb09fa5ec79"}
