node:internal/assert/utils:77
    throw err;
    ^

AssertionError [ERR_ASSERTION]: The expression evaluated to a falsy value:

  assert(!/drillVon|drillBis|drillAnker|setzeVollenStufenBereich|stufenBereichName/.test(app))

    at Object.F11 (C:\Users\USER\Desktop\Wiederholung\plan\werkzeuge\pruefstand\t_paket_f_struktur.js:12:8)
    at Object.<anonymous> (C:\Users\USER\Desktop\Wiederholung\plan\werkzeuge\pruefstand\t_paket_f_struktur.js:14:63)
    at Module._compile (node:internal/modules/cjs/loader:1929:14)
    at Object..js (node:internal/modules/cjs/loader:2060:10)
    at Module.load (node:internal/modules/cjs/loader:1651:32)
    at Module._load (node:internal/modules/cjs/loader:1443:12)
    at wrapModuleLoad (node:internal/modules/cjs/loader:261:19)
    at Module.executeUserEntryPoint [as runMain] (node:internal/modules/run_main:154:5)
    at node:internal/main/run_main_module:33:47 {
  generatedMessage: true,
  code: 'ERR_ASSERTION',
  actual: false,
  expected: true,
  operator: '==',
  diff: 'simple'
}

Node.js v24.21.0
