Mon Oct  5 18:50:01     2026
1e3104bb6592888359e7117e9b55674d83c213edc38ed4f6b1b7d8bb9c6ff283 *app.js
207ab9c4243f0d2d05ecad6d1a4baa0bc24c6eba1912e5413d922f6ac7dba7d3 *styles.css
ce224d618b41cba238e36bbc6bcd39a7c213d6ad40b7fa91c0271d358f5d2af7 *plan/zyklus-2/paket-f-belege/styles-vor-f12-lauf2.css
b178fe0f9c688dee6e114c1c08f2dc9957dc44785e06c3e5d721eb71c4592d7a *plan/werkzeuge/pruefstand/x_paket_f_sicht.js
Browser 154.0.8037.93, Zusatzschalter: --disable-gpu
390-hell-bewegt-voll: 16 Zustände, 34 Fotos, 4594 Elementstile – gleich | Kontrolle Alt/Alt: gleich
390-hell-bewegt-leer: 9 Zustände, 12 Fotos, 1121 Elementstile – gleich | Kontrolle Alt/Alt: gleich
390-hell-bewegt-gast: 13 Zustände, 16 Fotos, 973 Elementstile – gleich | Kontrolle Alt/Alt: 390-hell-bewegt-gast-einstieg-1 y=0 alt-alt: 1 Pixel anders; 390-hell-bewegt-gast-einstieg-2 y=0 alt-alt: 1 Pixel anders; 390-hell-bewegt-gast-einstieg-2 y=39 alt-alt: 1 Pixel anders; 390-hell-bewegt-gast-einstieg-3c y=0 alt-alt: 24 Pixel anders; 390-hell-bewegt-gast-einstieg-7 y=409 alt-alt: 28 Pixel anders; 390-hell-bewegt-gast-einstieg-7 y=0 alt-alt: 28 Pixel anders | nicht messbar: 390-hell-bewegt-gast-einstieg-3c y=0 alt-neu: 43 Pixel anders; 390-hell-bewegt-gast-einstieg-7 y=409 alt-neu: 24 Pixel anders; 390-hell-bewegt-gast-einstieg-7 y=0 alt-neu: 24 Pixel anders
390-hell-ruhig-voll: 16 Zustände, 34 Fotos, 4594 Elementstile – gleich | Kontrolle Alt/Alt: gleich
390-hell-ruhig-leer: 9 Zustände, 12 Fotos, 1121 Elementstile – gleich | Kontrolle Alt/Alt: gleich
390-hell-ruhig-gast: 13 Zustände, 16 Fotos, 973 Elementstile – gleich | Kontrolle Alt/Alt: gleich
390-dunkel-bewegt-voll: 16 Zustände, 34 Fotos, 4594 Elementstile – gleich | Kontrolle Alt/Alt: gleich
390-dunkel-bewegt-leer: 9 Zustände, 12 Fotos, 1121 Elementstile – gleich | Kontrolle Alt/Alt: gleich
390-dunkel-bewegt-gast: 13 Zustände, 16 Fotos, 973 Elementstile – ROT 390-dunkel-bewegt-gast-einstieg-1 y=0 alt-neu: 1 Pixel anders; 390-dunkel-bewegt-gast-einstieg-2 y=0 alt-neu: 1 Pixel anders; 390-dunkel-bewegt-gast-einstieg-2 y=39 alt-neu: 1 Pixel anders | Kontrolle Alt/Alt: 390-dunkel-bewegt-gast-einstieg-3c y=0 alt-alt: 17 Pixel anders; 390-dunkel-bewegt-gast-einstieg-7 y=409 alt-alt: 16 Pixel anders; 390-dunkel-bewegt-gast-einstieg-7 y=0 alt-alt: 17 Pixel anders | nicht messbar: 390-dunkel-bewegt-gast-einstieg-3c y=0 alt-neu: 12 Pixel anders; 390-dunkel-bewegt-gast-einstieg-7 y=409 alt-neu: 59 Pixel anders; 390-dunkel-bewegt-gast-einstieg-7 y=0 alt-neu: 59 Pixel anders
390-dunkel-ruhig-voll: 16 Zustände, 34 Fotos, 4594 Elementstile – gleich | Kontrolle Alt/Alt: gleich
390-dunkel-ruhig-leer: 9 Zustände, 12 Fotos, 1121 Elementstile – gleich | Kontrolle Alt/Alt: gleich
390-dunkel-ruhig-gast: 13 Zustände, 16 Fotos, 973 Elementstile – gleich | Kontrolle Alt/Alt: gleich
320-hell-bewegt-voll: 16 Zustände, 47 Fotos, 4594 Elementstile – gleich | Kontrolle Alt/Alt: gleich
320-hell-bewegt-leer: 9 Zustände, 17 Fotos, 1121 Elementstile – gleich | Kontrolle Alt/Alt: gleich
320-hell-bewegt-gast: 13 Zustände, 24 Fotos, 973 Elementstile – ROT 320-hell-bewegt-gast-einstieg-0 y=213 alt-neu: 11763 Pixel anders | Kontrolle Alt/Alt: 320-hell-bewegt-gast-einstieg-2 y=274 alt-alt: 1 Pixel anders; 320-hell-bewegt-gast-einstieg-3c y=0 alt-alt: 45 Pixel anders; 320-hell-bewegt-gast-einstieg-3c y=117 alt-alt: 45 Pixel anders; 320-hell-bewegt-gast-einstieg-7 y=0 alt-alt: 19 Pixel anders | nicht messbar: 320-hell-bewegt-gast-einstieg-2 y=274 alt-neu: 1 Pixel anders; 320-hell-bewegt-gast-einstieg-3c y=0 alt-neu: 39 Pixel anders; 320-hell-bewegt-gast-einstieg-3c y=117 alt-neu: 39 Pixel anders; 320-hell-bewegt-gast-einstieg-7 y=0 alt-neu: 29 Pixel anders
320-hell-ruhig-voll: 16 Zustände, 47 Fotos, 4594 Elementstile – gleich | Kontrolle Alt/Alt: gleich
320-hell-ruhig-leer: 9 Zustände, 17 Fotos, 1121 Elementstile – gleich | Kontrolle Alt/Alt: gleich
320-hell-ruhig-gast: 13 Zustände, 24 Fotos, 973 Elementstile – gleich | Kontrolle Alt/Alt: gleich
320-dunkel-bewegt-voll: 16 Zustände, 47 Fotos, 4594 Elementstile – gleich | Kontrolle Alt/Alt: gleich
320-dunkel-bewegt-leer: 9 Zustände, 17 Fotos, 1121 Elementstile – gleich | Kontrolle Alt/Alt: gleich
320-dunkel-bewegt-gast: 13 Zustände, 24 Fotos, 973 Elementstile – ROT 320-dunkel-bewegt-gast-einstieg-2 y=274 alt-neu: 1 Pixel anders | Kontrolle Alt/Alt: 320-dunkel-bewegt-gast-einstieg-0 y=213 alt-alt: 28846 Pixel anders; 320-dunkel-bewegt-gast-einstieg-1 y=0 alt-alt: 1 Pixel anders; 320-dunkel-bewegt-gast-einstieg-1 y=151 alt-alt: 1 Pixel anders; 320-dunkel-bewegt-gast-einstieg-3c y=0 alt-alt: 27 Pixel anders; 320-dunkel-bewegt-gast-einstieg-3c y=117 alt-alt: 27 Pixel anders; 320-dunkel-bewegt-gast-einstieg-7 y=0 alt-alt: 43 Pixel anders | nicht messbar: 320-dunkel-bewegt-gast-einstieg-0 y=213 alt-neu: 28846 Pixel anders; 320-dunkel-bewegt-gast-einstieg-1 y=0 alt-neu: 1 Pixel anders; 320-dunkel-bewegt-gast-einstieg-1 y=151 alt-neu: 1 Pixel anders; 320-dunkel-bewegt-gast-einstieg-3c y=0 alt-neu: 25 Pixel anders; 320-dunkel-bewegt-gast-einstieg-3c y=117 alt-neu: 25 Pixel anders; 320-dunkel-bewegt-gast-einstieg-7 y=0 alt-neu: 18 Pixel anders
320-dunkel-ruhig-voll: 16 Zustände, 47 Fotos, 4594 Elementstile – gleich | Kontrolle Alt/Alt: gleich
320-dunkel-ruhig-leer: 9 Zustände, 17 Fotos, 1121 Elementstile – gleich | Kontrolle Alt/Alt: gleich
320-dunkel-ruhig-gast: 13 Zustände, 24 Fotos, 973 Elementstile – gleich | Kontrolle Alt/Alt: gleich
820-hell-bewegt-voll: 16 Zustände, 26 Fotos, 4594 Elementstile – gleich | Kontrolle Alt/Alt: gleich
820-hell-bewegt-leer: 9 Zustände, 10 Fotos, 1121 Elementstile – gleich | Kontrolle Alt/Alt: gleich
820-hell-bewegt-gast: 13 Zustände, 13 Fotos, 973 Elementstile – gleich | Kontrolle Alt/Alt: 820-hell-bewegt-gast-einstieg-3c y=0 alt-alt: 38 Pixel anders; 820-hell-bewegt-gast-einstieg-7 y=0 alt-alt: 43 Pixel anders | nicht messbar: 820-hell-bewegt-gast-einstieg-3c y=0 alt-neu: 6 Pixel anders; 820-hell-bewegt-gast-einstieg-7 y=0 alt-neu: 2 Pixel anders
820-hell-ruhig-voll: 16 Zustände, 26 Fotos, 4594 Elementstile – gleich | Kontrolle Alt/Alt: gleich
820-hell-ruhig-leer: 9 Zustände, 10 Fotos, 1121 Elementstile – gleich | Kontrolle Alt/Alt: gleich
820-hell-ruhig-gast: 13 Zustände, 13 Fotos, 973 Elementstile – gleich | Kontrolle Alt/Alt: gleich
820-dunkel-bewegt-voll: 16 Zustände, 26 Fotos, 4594 Elementstile – gleich | Kontrolle Alt/Alt: gleich
820-dunkel-bewegt-leer: 9 Zustände, 10 Fotos, 1121 Elementstile – gleich | Kontrolle Alt/Alt: gleich
820-dunkel-bewegt-gast: 13 Zustände, 13 Fotos, 973 Elementstile – gleich | Kontrolle Alt/Alt: 820-dunkel-bewegt-gast-einstieg-1 y=0 alt-alt: 2 Pixel anders; 820-dunkel-bewegt-gast-einstieg-2 y=0 alt-alt: 1 Pixel anders; 820-dunkel-bewegt-gast-einstieg-3c y=0 alt-alt: 19 Pixel anders; 820-dunkel-bewegt-gast-einstieg-7 y=0 alt-alt: 53 Pixel anders | nicht messbar: 820-dunkel-bewegt-gast-einstieg-1 y=0 alt-neu: 2 Pixel anders; 820-dunkel-bewegt-gast-einstieg-3c y=0 alt-neu: 19 Pixel anders; 820-dunkel-bewegt-gast-einstieg-7 y=0 alt-neu: 56 Pixel anders
820-dunkel-ruhig-voll: 16 Zustände, 26 Fotos, 4594 Elementstile – gleich | Kontrolle Alt/Alt: gleich
820-dunkel-ruhig-leer: 9 Zustände, 10 Fotos, 1121 Elementstile – gleich | Kontrolle Alt/Alt: gleich
820-dunkel-ruhig-gast: 13 Zustände, 13 Fotos, 973 Elementstile – gleich | Kontrolle Alt/Alt: gleich

Gesamt: 796 Fensterfotos, 80256 Elementstile, 5 Abweichungen Alt/Neu, 25 Schwankungen Alt/Alt, 25 Fotos nicht messbar
AssertionError [ERR_ASSERTION]: F12-Fotovergleich rot

5 !== 0

    at C:\Users\USER\Desktop\Wiederholung\plan\werkzeuge\pruefstand\x_paket_f_sicht.js:210:10 {
  generatedMessage: false,
  code: 'ERR_ASSERTION',
  actual: 5,
  expected: 0,
  operator: 'strictEqual',
  diff: 'simple'
}
Exit 1
Mon Oct  5 20:01:36     2026
