F12 320 hell leer Fortschritt 0 Fehlerpixel
F12 320 hell leer Lernen 0 Fehlerpixel
F12 320 hell leer Verwalten 0 Fehlerpixel
F12 320 hell leer Einstellungen 0 Fehlerpixel
F12 320 hell voll Fortschritt 0 Fehlerpixel
F12 320 hell voll Lernen 0 Fehlerpixel
F12 320 hell voll Verwalten 0 Fehlerpixel
F12 320 hell voll Einstellungen 0 Fehlerpixel
F12 320 dunkel leer Fortschritt 0 Fehlerpixel
F12 320 dunkel leer Lernen 0 Fehlerpixel
F12 320 dunkel leer Verwalten 0 Fehlerpixel
F12 320 dunkel leer Einstellungen 0 Fehlerpixel
F12 320 dunkel voll Fortschritt 0 Fehlerpixel
F12 320 dunkel voll Lernen 0 Fehlerpixel
F12 320 dunkel voll Verwalten 0 Fehlerpixel
F12 320 dunkel voll Einstellungen 0 Fehlerpixel
F12 390 hell leer Fortschritt 0 Fehlerpixel
F12 390 hell leer Lernen 0 Fehlerpixel
F12 390 hell leer Verwalten 0 Fehlerpixel
F12 390 hell leer Einstellungen 0 Fehlerpixel
F12 390 hell voll Fortschritt 0 Fehlerpixel
F12 390 hell voll Lernen 0 Fehlerpixel
F12 390 hell voll Verwalten 0 Fehlerpixel
F12 390 hell voll Einstellungen 0 Fehlerpixel
F12 390 dunkel leer Fortschritt 0 Fehlerpixel
F12 390 dunkel leer Lernen 0 Fehlerpixel
F12 390 dunkel leer Verwalten 0 Fehlerpixel
F12 390 dunkel leer Einstellungen 0 Fehlerpixel
F12 390 dunkel voll Fortschritt 0 Fehlerpixel
F12 390 dunkel voll Lernen 0 Fehlerpixel
F12 390 dunkel voll Verwalten 0 Fehlerpixel
F12 390 dunkel voll Einstellungen 0 Fehlerpixel
F12 820 hell leer Fortschritt 0 Fehlerpixel
F12 820 hell leer Lernen 0 Fehlerpixel
F12 820 hell leer Verwalten 0 Fehlerpixel
F12 820 hell leer Einstellungen 0 Fehlerpixel
F12 820 hell voll Fortschritt 0 Fehlerpixel
F12 820 hell voll Lernen 0 Fehlerpixel
F12 820 hell voll Verwalten 0 Fehlerpixel
F12 820 hell voll Einstellungen 0 Fehlerpixel
F12 820 dunkel leer Fortschritt 0 Fehlerpixel
F12 820 dunkel leer Lernen 0 Fehlerpixel
F12 820 dunkel leer Verwalten 0 Fehlerpixel
F12 820 dunkel leer Einstellungen 0 Fehlerpixel
F12 820 dunkel voll Fortschritt 0 Fehlerpixel
F12 820 dunkel voll Lernen 0 Fehlerpixel
F12 820 dunkel voll Verwalten 0 Fehlerpixel
F12 820 dunkel voll Einstellungen 0 Fehlerpixel
