390-hell-bewegt-voll aufnehmen grün
390-hell-bewegt-leer aufnehmen grün
390-hell-ruhig-voll aufnehmen grün
390-hell-ruhig-leer aufnehmen grün
390-dunkel-bewegt-voll aufnehmen grün
390-dunkel-bewegt-leer aufnehmen grün
390-dunkel-ruhig-voll aufnehmen grün
390-dunkel-ruhig-leer aufnehmen grün
320-hell-bewegt-voll aufnehmen grün
320-hell-bewegt-leer aufnehmen grün
320-hell-ruhig-voll aufnehmen grün
320-hell-ruhig-leer aufnehmen grün
320-dunkel-bewegt-voll aufnehmen grün
320-dunkel-bewegt-leer aufnehmen grün
320-dunkel-ruhig-voll aufnehmen grün
320-dunkel-ruhig-leer aufnehmen grün
820-hell-bewegt-voll aufnehmen grün
820-hell-bewegt-leer aufnehmen grün
820-hell-ruhig-voll aufnehmen grün
820-hell-ruhig-leer aufnehmen grün
820-dunkel-bewegt-voll aufnehmen grün
820-dunkel-bewegt-leer aufnehmen grün
820-dunkel-ruhig-voll aufnehmen grün
820-dunkel-ruhig-leer aufnehmen grün
390-hell-bewegt-gast aufnehmen grün
390-hell-ruhig-gast aufnehmen grün
390-dunkel-bewegt-gast aufnehmen grün
390-dunkel-ruhig-gast aufnehmen grün
320-hell-bewegt-gast aufnehmen grün
320-hell-ruhig-gast aufnehmen grün
320-dunkel-bewegt-gast aufnehmen grün
320-dunkel-ruhig-gast aufnehmen grün
820-hell-bewegt-gast aufnehmen grün
820-hell-ruhig-gast aufnehmen grün
820-dunkel-bewegt-gast aufnehmen grün
820-dunkel-ruhig-gast aufnehmen grün
