OK plan/werkzeuge/befund-skripte/bestand_tempo_experiment.js
OK plan/werkzeuge/befund-skripte/bestand_tempo_profil.js
OK plan/werkzeuge/befund-skripte/bestand_tempo_vergleich.js
OK plan/werkzeuge/befund-skripte/cpu_kalibrierung.js
OK plan/werkzeuge/befund-skripte/daten_x_bild.js
OK plan/werkzeuge/befund-skripte/daten_x_merge.js
OK plan/werkzeuge/befund-skripte/daten_x_notfound.js
OK plan/werkzeuge/befund-skripte/daten_x_perf.js
OK plan/werkzeuge/befund-skripte/daten_x_perf2.js
OK plan/werkzeuge/befund-skripte/daten_x_xss.js
OK plan/werkzeuge/befund-skripte/einstieg_mess2.js
OK plan/werkzeuge/befund-skripte/einstieg_rest.js
OK plan/werkzeuge/befund-skripte/einstieg_walk.js
OK plan/werkzeuge/befund-skripte/extra.mjs
OK plan/werkzeuge/befund-skripte/g043_verzoegerung.js
OK plan/werkzeuge/befund-skripte/konto_adressdialog.js
OK plan/werkzeuge/befund-skripte/konto_adressdialog_app.js
OK plan/werkzeuge/befund-skripte/konto_authrest.js
OK plan/werkzeuge/befund-skripte/konto_authrest_app.js
OK plan/werkzeuge/befund-skripte/konto_authrest_normal.js
OK plan/werkzeuge/befund-skripte/konto_bestaetigung.js
OK plan/werkzeuge/befund-skripte/konto_board.js
OK plan/werkzeuge/befund-skripte/konto_entwuerfe.js
OK plan/werkzeuge/befund-skripte/konto_import.js
OK plan/werkzeuge/befund-skripte/konto_lehrerstand.js
OK plan/werkzeuge/befund-skripte/konto_registrierungsnachtrag_app.js
OK plan/werkzeuge/befund-skripte/konto_umzug.js
OK plan/werkzeuge/befund-skripte/konto_umzug_app.js
OK plan/werkzeuge/befund-skripte/konto_weitergabe.js
OK plan/werkzeuge/befund-skripte/lernen_t_datum.js
OK plan/werkzeuge/befund-skripte/lernen_t_gross.js
OK plan/werkzeuge/befund-skripte/lernen_t_logik.js
OK plan/werkzeuge/befund-skripte/rest_check2.js
OK plan/werkzeuge/befund-skripte/runde14_fortsetzungen.js
OK plan/werkzeuge/befund-skripte/schreiben_vergleich.js
OK plan/werkzeuge/befund-skripte/t_csp.js
OK plan/werkzeuge/befund-skripte/t_fokus.js
OK plan/werkzeuge/befund-skripte/t_fokus2.js
OK plan/werkzeuge/befund-skripte/t_kontrast_gross.js
OK plan/werkzeuge/befund-skripte/t_notfound.js
OK plan/werkzeuge/regeln/regeln-pruefung.mjs
OK plan/ideen/lehrer-modus/probelauf-lehrer.mjs
OK plan/archiv/redesign-oberflaeche/probelauf.mjs
