Quellstand: cd7e88bcd1ba1daa60fa9fbc164d291af0ccd6e80343f44a60ee270c19149f4b
Logs: C:\Users\USER\AppData\Local\Temp\adrabic-pruefstand-gesamt\cd7e88bcd1ba1daa
Tests: 146
EXIT 0 t_317.js (14s)
EXIT 0 t_a11y.js (17s)
EXIT 0 t_abgelehnt.js (6s)
EXIT 0 t_abstimmen_fehler.js (12s)
EXIT 0 t_anfangsbuchstaben.js (5s)
EXIT 0 t_anmelden.js (115s)
EXIT 0 t_anmelden_enter.js (19s)
EXIT 0 t_ansage.js (8s)
EXIT 0 t_ansage2.js (19s)
EXIT 0 t_bereiche.js (77s)
EXIT 0 t_bestaetigung.js (42s)
EXIT 0 t_bestaetigung_bewegung_g082.js (9s)
EXIT 0 t_bestaetigung_neu.js (10s)
EXIT 0 t_bestand_tempo.js (67s)
EXIT 0 t_bild.js (8s)
EXIT 0 t_board_limit.js (20s)
EXIT 0 t_board_moderation.js (21s)
EXIT 0 t_boot_geometrie.js (8s)
EXIT 0 t_csp.js (5s)
EXIT 0 t_daten.js (67s)
EXIT 0 t_dialog_timer.js (0s)
EXIT 0 t_doppeltipp.js (19s)
EXIT 0 t_dreh.js (10s)
EXIT 0 t_dreh_lage.js (20s)
EXIT 0 t_einst.js (8s)
EXIT 0 t_einst_oben.js (7s)
EXIT 0 t_einstellungen.js (89s)
EXIT 0 t_einstieg.js (184s)
EXIT 0 t_einstieg_bestandskonto_g042.js (9s)
EXIT 0 t_einstieg_g083_039_040_041_044.js (77s)
EXIT 0 t_einstieg_lage.js (43s)
EXIT 0 t_erinnerung_uid.js (16s)
EXIT 0 t_erinnerung_zeit.js (11s)
EXIT 0 t_feedback_ansichten.js (70s)
ROT t_feedback_speichern.js (19s)
AssertionError [ERR_ASSERTION]: The input did not match the regular expression /Lade ein Backup herunter, bevor du weiterlernst/. Input:
Prozess: {"code":1,"signal":null,"zeitlimit":false,"fehler":null,"sekunden":19,"quelltext":"6bfd62d678ce3e2ca3a844cfc5882b95aa1fb9fc99b5560646939208b2d8136f"}
EXIT 0 t_fehler_fokus.js (14s)
EXIT 0 t_fehler_melden.js (12s)
EXIT 0 t_fluessig.js (16s)
EXIT 0 t_fluessig_ende.js (14s)
EXIT 0 t_fluessig_gross.js (5s)
EXIT 0 t_fortschritt.js (76s)
EXIT 0 t_fotos_runde.js (20s)
EXIT 0 t_gross.js (12s)
EXIT 0 t_gross_alle.js (82s)
EXIT 0 t_gruss_datum.js (5s)
EXIT 0 t_hero_dreh.js (8s)
EXIT 0 t_heute_bereich.js (16s)
EXIT 0 t_hick.js (43s)
EXIT 0 t_idee_zeit.js (13s)
EXIT 0 t_import_doppelt.js (12s)
EXIT 0 t_import_einwilligung.js (15s)
EXIT 0 t_import_stapel.js (19s)
EXIT 0 t_inventar.js (11s)
EXIT 0 t_inventar2.js (54s)
EXIT 0 t_inventar2_gegenprobe.js (39s)
EXIT 0 t_karte_kopf.js (44s)
EXIT 0 t_karten_blatt.js (61s)
EXIT 0 t_karten_snapshot.js (4s)
EXIT 0 t_klein_boot.js (11s)
EXIT 0 t_konto.js (58s)
EXIT 0 t_konto_bestaetigungswechsel.js (2s)
EXIT 0 t_konto_dialog.js (4s)
EXIT 0 t_konto_fortsetzungen.js (56s)
EXIT 0 t_konto_loeschen2.js (78s)
EXIT 0 t_konto_loeschwechsel.js (1s)
EXIT 0 t_konto_nach_loeschen.js (3s)
EXIT 0 t_konto_nutzerfallback.js (0s)
EXIT 0 t_konto_registrierung_neuversuch.js (2s)
EXIT 0 t_konto_schreibantwort.js (14s)
EXIT 0 t_konto_stapel.js (2s)
EXIT 0 t_kontrast.js (87s)
EXIT 0 t_laden_parallel.js (7s)
EXIT 0 t_leiste.js (7s)
EXIT 0 t_lernen_start.js (104s)
EXIT 0 t_liste_lang.js (8s)
EXIT 0 t_loeschen_teilen.js (22s)
EXIT 0 t_meilenstein.js (7s)
EXIT 0 t_merken_zwei.js (5s)
EXIT 0 t_notfound.js (7s)
EXIT 0 t_nur_betreiber.js (120s)
EXIT 0 t_ordnung.js (8s)
EXIT 0 t_paket_b.js (188s)
EXIT 0 t_paket_c.js (210s)
EXIT 0 t_paket_c_fort.js (31s)
EXIT 0 t_paket_c_kalendertage.js (195s)
EXIT 0 t_paket_c_suchpuffer.js (4s)
EXIT 0 t_paket_c_verw.js (270s)
EXIT 0 t_paket_c_weiter.js (1194s)
EXIT 0 t_paket_d.js (1154s)
EXIT 0 t_paket_e.js (910s)
EXIT 0 t_paket_f_bilder.js (82s)
EXIT 0 t_paket_f_css.js (0s)
EXIT 0 t_paket_f_ebenen.js (60s)
EXIT 0 t_paket_f_netz.js (19s)
EXIT 0 t_paket_f_struktur.js (0s)
EXIT 0 t_paket_f_texte.js (3s)
EXIT 0 t_paket_f_umfeld.js (102s)
EXIT 0 t_persist.js (8s)
EXIT 0 t_pruefdatum.js (0s)
EXIT 0 t_querschnitt.js (22s)
EXIT 0 t_quran_datei.js (13s)
EXIT 0 t_quran_fehler.js (11s)
EXIT 0 t_quran_schrift.js (78s)
EXIT 0 t_registrieren_zeitlimit.js (71s)
EXIT 0 t_regler_karten.js (8s)
EXIT 0 t_reset_leerfeld.js (5s)
EXIT 0 t_ring.js (8s)
EXIT 0 t_runde_gefuehl.js (8s)
EXIT 0 t_runde_lage.js (81s)
EXIT 0 t_runde_rest.js (75s)
EXIT 0 t_rundenende.js (115s)
EXIT 0 t_schreiben.js (83s)
EXIT 0 t_scrollen.js (18s)
EXIT 0 t_serie.js (22s)
EXIT 0 t_serie_lang.js (179s)
EXIT 0 t_serie_warnung.js (7s)
EXIT 0 t_settings_kontowechsel.js (0s)
EXIT 0 t_settings_mehrgeraete.js (9s)
EXIT 0 t_sicher.js (13s)
EXIT 0 t_sprung.js (81s)
EXIT 0 t_sprung_ueben.js (48s)
EXIT 0 t_start.js (24s)
EXIT 0 t_sw.js (30s)
EXIT 0 t_sw_paket_a.js (17s)
EXIT 0 t_teilen.js (23s)
EXIT 0 t_text_anlegen.js (29s)
EXIT 0 t_text_ausschluss.js (14s)
EXIT 0 t_text_einwilligung.js (25s)
EXIT 0 t_text_felder.js (5s)
EXIT 0 t_text_fortschritt.js (21s)
EXIT 0 t_text_kreis.js (8s)
EXIT 0 t_text_nachbarn.js (29s)
EXIT 0 t_text_neu.js (128s)
EXIT 0 t_text_tempo.js (20s)
EXIT 0 t_text_zustaende.js (82s)
EXIT 0 t_ueben.js (30s)
EXIT 0 t_ueben_auswahl.js (21s)
EXIT 0 t_undo_verlauf.js (25s)
EXIT 0 t_verlauf_mehrgeraete.js (10s)
EXIT 0 t_verwalten.js (50s)
EXIT 0 t_wisch_tempo.js (0s)
EXIT 0 t_wischen.js (38s)
EXIT 0 t_wischen_schraeg.js (51s)
EXIT 0 t_wochen_kopf.js (14s)
EXIT 0 t_x_mitten.js (30s)
EXIT 0 t_zahlen.js (11s)

145/146 Exit 0; 1 rot. Ausgaben noch lesen: C:\Users\USER\AppData\Local\Temp\adrabic-pruefstand-gesamt\cd7e88bcd1ba1daa
