Bilder: C:\Users\USER\Desktop\Wiederholung\plan\zyklus-2\paket-f-belege\f-umfeld\2026-10-06T21-45-16-810Z
320-hell-bewegt-leer Texte/Umfeld grün
320-hell-bewegt-voll Texte/Umfeld grün
320-hell-ruhig-leer Texte/Umfeld grün
320-hell-ruhig-voll Texte/Umfeld grün
320-dunkel-bewegt-leer Texte/Umfeld grün
320-dunkel-bewegt-voll Texte/Umfeld grün
320-dunkel-ruhig-leer Texte/Umfeld grün
320-dunkel-ruhig-voll Texte/Umfeld grün
390-hell-bewegt-leer Texte/Umfeld grün
390-hell-bewegt-voll Texte/Umfeld grün
390-hell-ruhig-leer Texte/Umfeld grün
390-hell-ruhig-voll Texte/Umfeld grün
390-dunkel-bewegt-leer Texte/Umfeld grün
390-dunkel-bewegt-voll Texte/Umfeld grün
390-dunkel-ruhig-leer Texte/Umfeld grün
390-dunkel-ruhig-voll Texte/Umfeld grün
820-hell-bewegt-leer Texte/Umfeld grün
820-hell-bewegt-voll Texte/Umfeld grün
820-hell-ruhig-leer Texte/Umfeld grün
820-hell-ruhig-voll Texte/Umfeld grün
820-dunkel-bewegt-leer Texte/Umfeld grün
820-dunkel-bewegt-voll Texte/Umfeld grün
820-dunkel-ruhig-leer Texte/Umfeld grün
820-dunkel-ruhig-voll Texte/Umfeld grün
