== handy
  Start: {"wortOben":130,"flaeche":"236-436","leisteUnten":544,"fenster":844,"allesImBild":true,"scrollbar":false}
  erster Strich: Tinte 0 -> 534 | Lage vorher {"canvas":"236:12","loeschen":"448:216","vollbild":"500:81","fertig":"500:217","wort":"130:114"}
    nachher {"canvas":"236:12","loeschen":"448:216","vollbild":"500:81","fertig":"500:217","wort":"130:114"}
  Vollbild: {"vollbild":true,"vorlage":"Schreibtisch","leisteImBild":true} | Tinte erhalten: 534
  Strich im Vollbild: Tinte 534 -> 1063
  Strich zurueck: Tinte 534
  Vollbild nach Aufdecken: "Schreibtisch\n·\nمَكْتَبٌ"
  Fertig: {"vollbild":false,"knoepfeImBild":true,"antwort":"مَكْتَبٌ"}
  Kontrast 0
  Zeichnen (25 Striche da, CPU 4x): 60 Bewegungen in 1020 ms | Bilder > 34 ms: 0
  ok
== klein
  Start: {"wortOben":121,"flaeche":"217-417","leisteUnten":525,"fenster":740,"allesImBild":true,"scrollbar":false}
  erster Strich: Tinte 0 -> 536 | Lage vorher {"canvas":"217:12","loeschen":"429:201","vollbild":"481:66","fertig":"481:202","wort":"121:156"}
    nachher {"canvas":"217:12","loeschen":"429:201","vollbild":"481:66","fertig":"481:202","wort":"121:156"}
  Vollbild: {"vollbild":true,"vorlage":"Tür","leisteImBild":true} | Tinte erhalten: 536
  Strich im Vollbild: Tinte 536 -> 1065
  Strich zurueck: Tinte 536
  Vollbild nach Aufdecken: "Tür\n·\nبَابٌ"
  Fertig: {"vollbild":false,"knoepfeImBild":true,"antwort":"بَابٌ"}
  Kontrast 0
  Zeichnen (25 Striche da, CPU 4x): 60 Bewegungen in 1018 ms | Bilder > 34 ms: 0
  ok
== ipad
  Start: {"wortOben":139,"flaeche":"274-474","leisteUnten":530,"fenster":1180,"allesImBild":true,"scrollbar":false}
  erster Strich: Tinte 0 -> 539 | Lage vorher {"canvas":"274:50","loeschen":"486:313","vollbild":"486:453","fertig":"486:589","wort":"139:352"}
    nachher {"canvas":"274:50","loeschen":"486:313","vollbild":"486:453","fertig":"486:589","wort":"139:352"}
  Vollbild: {"vollbild":true,"vorlage":"Katze","leisteImBild":true} | Tinte erhalten: 589
  Strich im Vollbild: Tinte 589 -> 1119
  Strich zurueck: Tinte 589
  Vollbild nach Aufdecken: "Katze\n·\nقِطٌّ"
  Fertig: {"vollbild":false,"knoepfeImBild":true,"antwort":"قِطٌّ"}
  Kontrast 0
  Zeichnen (25 Striche da, CPU 4x): 60 Bewegungen in 1012 ms | Bilder > 34 ms: 0
  ok
