D12 390 hell bewegt voll grün
D12 390 hell bewegt leer grün
D12 390 hell ruhig voll grün
D12 390 hell ruhig leer grün
D12 390 dunkel bewegt voll grün
D12 390 dunkel bewegt leer grün
D12 390 dunkel ruhig voll grün
D12 390 dunkel ruhig leer grün
D12 320 hell bewegt voll grün
D12 320 hell bewegt leer grün
D12 320 hell ruhig voll grün
D12 320 hell ruhig leer grün
D12 320 dunkel bewegt voll grün
D12 320 dunkel bewegt leer grün
D12 320 dunkel ruhig voll grün
D12 320 dunkel ruhig leer grün
D12 820 hell bewegt voll grün
D12 820 hell bewegt leer grün
D12 820 hell ruhig voll grün
D12 820 hell ruhig leer grün
D12 820 dunkel bewegt voll grün
D12 820 dunkel bewegt leer grün
D12 820 dunkel ruhig voll grün
D12 820 dunkel ruhig leer grün
