Browser 154.0.8037.98, Zusatzschalter: --disable-gpu
Alt-CSS C:\Users\USER\Desktop\Wiederholung\plan\zyklus-2\d12-belege\styles-vor-d12.css, Alt-app.js C:\Users\USER\Desktop\Wiederholung\plan\zyklus-2\d12-belege\app-vor-d12.js; Stil ohne: transition, animation; Klassen ohne: card-row--eintritt
390-hell-bewegt-voll: 16 Zustände, 34 Fotos, 4594 Elementstile – ROT 390-hell-bewegt-voll-runde alt-neu: berechneter Stil anders bei 33 div.study-answer.platz-leer | Kontrolle Alt/Alt: gleich
390-hell-bewegt-leer: 9 Zustände, 12 Fotos, 1121 Elementstile – gleich | Kontrolle Alt/Alt: gleich
390-hell-bewegt-gast: 13 Zustände, 16 Fotos, 973 Elementstile – ROT 390-hell-bewegt-gast-einstieg-2 y=0 alt-neu: 1 Pixel anders; 390-hell-bewegt-gast-einstieg-2 y=39 alt-neu: 1 Pixel anders; 390-hell-bewegt-gast-einstieg-3a alt-neu: berechneter Stil anders bei 19 div.study-answer.platz-leer | Kontrolle Alt/Alt: 390-hell-bewegt-gast-einstieg-1 y=0 alt-alt: 1 Pixel anders; 390-hell-bewegt-gast-einstieg-3c y=0 alt-alt: 16 Pixel anders; 390-hell-bewegt-gast-einstieg-7 y=409 alt-alt: 53 Pixel anders; 390-hell-bewegt-gast-einstieg-7 y=0 alt-alt: 53 Pixel anders | nicht messbar: 390-hell-bewegt-gast-einstieg-7 y=409 alt-neu: 3 Pixel anders; 390-hell-bewegt-gast-einstieg-7 y=0 alt-neu: 3 Pixel anders
390-hell-ruhig-voll: 16 Zustände, 34 Fotos, 4594 Elementstile – ROT 390-hell-ruhig-voll-runde alt-neu: berechneter Stil anders bei 33 div.study-answer.platz-leer | Kontrolle Alt/Alt: gleich
390-hell-ruhig-leer: 9 Zustände, 12 Fotos, 1121 Elementstile – gleich | Kontrolle Alt/Alt: gleich
390-hell-ruhig-gast: 13 Zustände, 16 Fotos, 973 Elementstile – ROT 390-hell-ruhig-gast-einstieg-3a alt-neu: berechneter Stil anders bei 19 div.study-answer.platz-leer | Kontrolle Alt/Alt: gleich
390-dunkel-bewegt-voll: 16 Zustände, 34 Fotos, 4594 Elementstile – ROT 390-dunkel-bewegt-voll-runde alt-neu: berechneter Stil anders bei 33 div.study-answer.platz-leer | Kontrolle Alt/Alt: gleich
390-dunkel-bewegt-leer: 9 Zustände, 12 Fotos, 1121 Elementstile – gleich | Kontrolle Alt/Alt: gleich
390-dunkel-bewegt-gast: 13 Zustände, 16 Fotos, 973 Elementstile – ROT 390-dunkel-bewegt-gast-einstieg-3a alt-neu: berechneter Stil anders bei 19 div.study-answer.platz-leer | Kontrolle Alt/Alt: 390-dunkel-bewegt-gast-einstieg-1 y=0 alt-alt: 1 Pixel anders; 390-dunkel-bewegt-gast-einstieg-3c y=0 alt-alt: 23 Pixel anders; 390-dunkel-bewegt-gast-einstieg-7 y=409 alt-alt: 28 Pixel anders; 390-dunkel-bewegt-gast-einstieg-7 y=0 alt-alt: 29 Pixel anders | nicht messbar: 390-dunkel-bewegt-gast-einstieg-3c y=0 alt-neu: 25 Pixel anders; 390-dunkel-bewegt-gast-einstieg-7 y=409 alt-neu: 15 Pixel anders; 390-dunkel-bewegt-gast-einstieg-7 y=0 alt-neu: 15 Pixel anders
390-dunkel-ruhig-voll: 16 Zustände, 34 Fotos, 4594 Elementstile – ROT 390-dunkel-ruhig-voll-runde alt-neu: berechneter Stil anders bei 33 div.study-answer.platz-leer | Kontrolle Alt/Alt: gleich
390-dunkel-ruhig-leer: 9 Zustände, 12 Fotos, 1121 Elementstile – gleich | Kontrolle Alt/Alt: gleich
390-dunkel-ruhig-gast: 13 Zustände, 16 Fotos, 973 Elementstile – ROT 390-dunkel-ruhig-gast-einstieg-3a alt-neu: berechneter Stil anders bei 19 div.study-answer.platz-leer | Kontrolle Alt/Alt: gleich
320-hell-bewegt-voll: 16 Zustände, 47 Fotos, 4594 Elementstile – ROT 320-hell-bewegt-voll-runde alt-neu: berechneter Stil anders bei 33 div.study-answer.platz-leer | Kontrolle Alt/Alt: gleich
320-hell-bewegt-leer: 9 Zustände, 17 Fotos, 1121 Elementstile – gleich | Kontrolle Alt/Alt: gleich
320-hell-bewegt-gast: 13 Zustände, 24 Fotos, 973 Elementstile – ROT 320-hell-bewegt-gast-einstieg-1 y=0 alt-neu: 1 Pixel anders; 320-hell-bewegt-gast-einstieg-1 y=151 alt-neu: 1 Pixel anders; 320-hell-bewegt-gast-einstieg-2 y=274 alt-neu: 1 Pixel anders; 320-hell-bewegt-gast-einstieg-3a alt-neu: berechneter Stil anders bei 19 div.study-answer.platz-leer | Kontrolle Alt/Alt: 320-hell-bewegt-gast-einstieg-0 y=213 alt-alt: 13574 Pixel anders; 320-hell-bewegt-gast-einstieg-3c y=0 alt-alt: 34 Pixel anders; 320-hell-bewegt-gast-einstieg-3c y=117 alt-alt: 34 Pixel anders; 320-hell-bewegt-gast-einstieg-7 y=0 alt-alt: 40 Pixel anders | nicht messbar: 320-hell-bewegt-gast-einstieg-0 y=213 alt-neu: 13574 Pixel anders; 320-hell-bewegt-gast-einstieg-3c y=0 alt-neu: 17 Pixel anders; 320-hell-bewegt-gast-einstieg-3c y=117 alt-neu: 17 Pixel anders; 320-hell-bewegt-gast-einstieg-7 y=0 alt-neu: 49 Pixel anders
320-hell-ruhig-voll: 16 Zustände, 47 Fotos, 4594 Elementstile – ROT 320-hell-ruhig-voll-runde alt-neu: berechneter Stil anders bei 33 div.study-answer.platz-leer | Kontrolle Alt/Alt: gleich
320-hell-ruhig-leer: 9 Zustände, 17 Fotos, 1121 Elementstile – gleich | Kontrolle Alt/Alt: gleich
320-hell-ruhig-gast: 13 Zustände, 24 Fotos, 973 Elementstile – ROT 320-hell-ruhig-gast-einstieg-3a alt-neu: berechneter Stil anders bei 19 div.study-answer.platz-leer | Kontrolle Alt/Alt: gleich
320-dunkel-bewegt-voll: 16 Zustände, 47 Fotos, 4594 Elementstile – ROT 320-dunkel-bewegt-voll-runde alt-neu: berechneter Stil anders bei 33 div.study-answer.platz-leer | Kontrolle Alt/Alt: gleich
320-dunkel-bewegt-leer: 9 Zustände, 17 Fotos, 1121 Elementstile – gleich | Kontrolle Alt/Alt: gleich
320-dunkel-bewegt-gast: 13 Zustände, 24 Fotos, 973 Elementstile – ROT 320-dunkel-bewegt-gast-einstieg-1 y=0 alt-neu: 1 Pixel anders; 320-dunkel-bewegt-gast-einstieg-1 y=151 alt-neu: 1 Pixel anders; 320-dunkel-bewegt-gast-einstieg-3a alt-neu: berechneter Stil anders bei 19 div.study-answer.platz-leer | Kontrolle Alt/Alt: 320-dunkel-bewegt-gast-einstieg-0 y=213 alt-alt: 34626 Pixel anders; 320-dunkel-bewegt-gast-einstieg-3c y=0 alt-alt: 11 Pixel anders; 320-dunkel-bewegt-gast-einstieg-3c y=117 alt-alt: 11 Pixel anders; 320-dunkel-bewegt-gast-einstieg-7 y=0 alt-alt: 78 Pixel anders | nicht messbar: 320-dunkel-bewegt-gast-einstieg-3c y=0 alt-neu: 11 Pixel anders; 320-dunkel-bewegt-gast-einstieg-3c y=117 alt-neu: 11 Pixel anders; 320-dunkel-bewegt-gast-einstieg-7 y=0 alt-neu: 51 Pixel anders
320-dunkel-ruhig-voll: 16 Zustände, 47 Fotos, 4594 Elementstile – ROT 320-dunkel-ruhig-voll-runde alt-neu: berechneter Stil anders bei 33 div.study-answer.platz-leer | Kontrolle Alt/Alt: gleich
320-dunkel-ruhig-leer: 9 Zustände, 17 Fotos, 1121 Elementstile – gleich | Kontrolle Alt/Alt: gleich
320-dunkel-ruhig-gast: 13 Zustände, 24 Fotos, 973 Elementstile – ROT 320-dunkel-ruhig-gast-einstieg-3a alt-neu: berechneter Stil anders bei 19 div.study-answer.platz-leer | Kontrolle Alt/Alt: gleich
820-hell-bewegt-voll: 16 Zustände, 26 Fotos, 4594 Elementstile – ROT 820-hell-bewegt-voll-runde alt-neu: berechneter Stil anders bei 33 div.study-answer.platz-leer | Kontrolle Alt/Alt: gleich
820-hell-bewegt-leer: 9 Zustände, 10 Fotos, 1121 Elementstile – gleich | Kontrolle Alt/Alt: gleich
820-hell-bewegt-gast: 13 Zustände, 13 Fotos, 973 Elementstile – ROT 820-hell-bewegt-gast-einstieg-1 y=0 alt-neu: 2 Pixel anders; 820-hell-bewegt-gast-einstieg-3a alt-neu: berechneter Stil anders bei 19 div.study-answer.platz-leer | Kontrolle Alt/Alt: 820-hell-bewegt-gast-einstieg-2 y=0 alt-alt: 1 Pixel anders; 820-hell-bewegt-gast-einstieg-3c y=0 alt-alt: 4 Pixel anders; 820-hell-bewegt-gast-einstieg-7 y=0 alt-alt: 9 Pixel anders | nicht messbar: 820-hell-bewegt-gast-einstieg-2 y=0 alt-neu: 1 Pixel anders; 820-hell-bewegt-gast-einstieg-3c y=0 alt-neu: 21 Pixel anders; 820-hell-bewegt-gast-einstieg-7 y=0 alt-neu: 6 Pixel anders
820-hell-ruhig-voll: 16 Zustände, 26 Fotos, 4594 Elementstile – ROT 820-hell-ruhig-voll-runde alt-neu: berechneter Stil anders bei 33 div.study-answer.platz-leer | Kontrolle Alt/Alt: gleich
820-hell-ruhig-leer: 9 Zustände, 10 Fotos, 1121 Elementstile – gleich | Kontrolle Alt/Alt: gleich
820-hell-ruhig-gast: 13 Zustände, 13 Fotos, 973 Elementstile – ROT 820-hell-ruhig-gast-einstieg-3a alt-neu: berechneter Stil anders bei 19 div.study-answer.platz-leer | Kontrolle Alt/Alt: gleich
820-dunkel-bewegt-voll: 16 Zustände, 26 Fotos, 4594 Elementstile – ROT 820-dunkel-bewegt-voll-runde alt-neu: berechneter Stil anders bei 33 div.study-answer.platz-leer | Kontrolle Alt/Alt: gleich
820-dunkel-bewegt-leer: 9 Zustände, 10 Fotos, 1121 Elementstile – gleich | Kontrolle Alt/Alt: gleich
820-dunkel-bewegt-gast: 13 Zustände, 13 Fotos, 973 Elementstile – ROT 820-dunkel-bewegt-gast-einstieg-3a alt-neu: berechneter Stil anders bei 19 div.study-answer.platz-leer | Kontrolle Alt/Alt: 820-dunkel-bewegt-gast-einstieg-1 y=0 alt-alt: 2 Pixel anders; 820-dunkel-bewegt-gast-einstieg-2 y=0 alt-alt: 1 Pixel anders; 820-dunkel-bewegt-gast-einstieg-3c y=0 alt-alt: 11 Pixel anders; 820-dunkel-bewegt-gast-einstieg-7 y=0 alt-alt: 12 Pixel anders | nicht messbar: 820-dunkel-bewegt-gast-einstieg-1 y=0 alt-neu: 1 Pixel anders; 820-dunkel-bewegt-gast-einstieg-3c y=0 alt-neu: 11 Pixel anders; 820-dunkel-bewegt-gast-einstieg-7 y=0 alt-neu: 24 Pixel anders
820-dunkel-ruhig-voll: 16 Zustände, 26 Fotos, 4594 Elementstile – ROT 820-dunkel-ruhig-voll-runde alt-neu: berechneter Stil anders bei 33 div.study-answer.platz-leer | Kontrolle Alt/Alt: gleich
820-dunkel-ruhig-leer: 9 Zustände, 10 Fotos, 1121 Elementstile – gleich | Kontrolle Alt/Alt: gleich
820-dunkel-ruhig-gast: 13 Zustände, 13 Fotos, 973 Elementstile – ROT 820-dunkel-ruhig-gast-einstieg-3a alt-neu: berechneter Stil anders bei 19 div.study-answer.platz-leer | Kontrolle Alt/Alt: gleich

Gesamt: 796 Fensterfotos, 80256 Elementstile, 32 Abweichungen Alt/Neu, 23 Schwankungen Alt/Alt, 23 Fotos nicht messbar
