Quellstand: ef8d760d7190268abdb66a7dbdcba1ac750218b637de8bb80ef0480f01cf7cbf
Logs: C:\Users\USER\AppData\Local\Temp\adrabic-pruefstand-gesamt\ef8d760d7190268a
Tests: 146
EXIT 0 t_317.js (13s)
EXIT 0 t_a11y.js (17s)
EXIT 0 t_abgelehnt.js (6s)
EXIT 0 t_abstimmen_fehler.js (12s)
EXIT 0 t_anfangsbuchstaben.js (5s)
EXIT 0 t_anmelden.js (114s)
EXIT 0 t_anmelden_enter.js (19s)
EXIT 0 t_ansage.js (8s)
EXIT 0 t_ansage2.js (19s)
EXIT 0 t_bereiche.js (76s)
EXIT 0 t_bestaetigung.js (43s)
EXIT 0 t_bestaetigung_bewegung_g082.js (9s)
EXIT 0 t_bestaetigung_neu.js (10s)
EXIT 0 t_bestand_tempo.js (67s)
EXIT 0 t_bild.js (7s)
EXIT 0 t_board_limit.js (20s)
EXIT 0 t_board_moderation.js (21s)
EXIT 0 t_boot_geometrie.js (6s)
EXIT 0 t_csp.js (4s)
EXIT 0 t_daten.js (67s)
EXIT 0 t_dialog_timer.js (0s)
EXIT 0 t_doppeltipp.js (19s)
EXIT 0 t_dreh.js (10s)
EXIT 0 t_dreh_lage.js (19s)
EXIT 0 t_einst.js (8s)
EXIT 0 t_einst_oben.js (7s)
EXIT 0 t_einstellungen.js (89s)
EXIT 0 t_einstieg.js (184s)
EXIT 0 t_einstieg_bestandskonto_g042.js (9s)
EXIT 0 t_einstieg_g083_039_040_041_044.js (78s)
EXIT 0 t_einstieg_lage.js (43s)
EXIT 0 t_erinnerung_uid.js (16s)
EXIT 0 t_erinnerung_zeit.js (11s)
EXIT 0 t_feedback_ansichten.js (69s)
EXIT 0 t_feedback_speichern.js (19s)
EXIT 0 t_fehler_fokus.js (14s)
EXIT 0 t_fehler_melden.js (12s)
EXIT 0 t_fluessig.js (16s)
EXIT 0 t_fluessig_ende.js (14s)
EXIT 0 t_fluessig_gross.js (6s)
EXIT 0 t_fortschritt.js (73s)
EXIT 0 t_fotos_runde.js (18s)
EXIT 0 t_gross.js (11s)
EXIT 0 t_gross_alle.js (78s)
EXIT 0 t_gruss_datum.js (5s)
EXIT 0 t_hero_dreh.js (8s)
EXIT 0 t_heute_bereich.js (17s)
EXIT 0 t_hick.js (43s)
EXIT 0 t_idee_zeit.js (13s)
EXIT 0 t_import_doppelt.js (12s)
EXIT 0 t_import_einwilligung.js (15s)
EXIT 0 t_import_stapel.js (19s)
EXIT 0 t_inventar.js (10s)
EXIT 0 t_inventar2.js (53s)
EXIT 0 t_inventar2_gegenprobe.js (38s)
EXIT 0 t_karte_kopf.js (43s)
EXIT 0 t_karten_blatt.js (61s)
EXIT 0 t_karten_snapshot.js (4s)
EXIT 0 t_klein_boot.js (11s)
EXIT 0 t_konto.js (58s)
EXIT 0 t_konto_bestaetigungswechsel.js (2s)
EXIT 0 t_konto_dialog.js (4s)
EXIT 0 t_konto_fortsetzungen.js (57s)
EXIT 0 t_konto_loeschen2.js (78s)
EXIT 0 t_konto_loeschwechsel.js (2s)
EXIT 0 t_konto_nach_loeschen.js (4s)
EXIT 0 t_konto_nutzerfallback.js (0s)
EXIT 0 t_konto_registrierung_neuversuch.js (2s)
EXIT 0 t_konto_schreibantwort.js (14s)
EXIT 0 t_konto_stapel.js (2s)
EXIT 0 t_kontrast.js (87s)
EXIT 0 t_laden_parallel.js (7s)
EXIT 0 t_leiste.js (7s)
EXIT 0 t_lernen_start.js (101s)
EXIT 0 t_liste_lang.js (7s)
EXIT 0 t_loeschen_teilen.js (22s)
EXIT 0 t_meilenstein.js (7s)
EXIT 0 t_merken_zwei.js (6s)
EXIT 0 t_notfound.js (7s)
EXIT 0 t_nur_betreiber.js (101s)
EXIT 0 t_ordnung.js (8s)
EXIT 0 t_paket_b.js (188s)
