Quellstand: 3742bb695303b1d2ed05a794ad5040028755ba218f97066303512b2b3bc1b04c
Logs: C:\Users\USER\AppData\Local\Temp\adrabic-pruefstand-gesamt\3742bb695303b1d2
Tests: 152
EXIT 0 t_317.js (13s)
EXIT 0 t_a11y.js (17s)
EXIT 0 t_abgelehnt.js (6s)
EXIT 0 t_abstimmen_fehler.js (12s)
EXIT 0 t_anmelden.js (114s)
EXIT 0 t_anmelden_enter.js (19s)
EXIT 0 t_ansage.js (8s)
EXIT 0 t_ansage2.js (19s)
EXIT 0 t_bereiche.js (76s)
EXIT 0 t_bestaetigung.js (42s)
EXIT 0 t_bestaetigung_bewegung_g082.js (9s)
EXIT 0 t_bestaetigung_neu.js (10s)
EXIT 0 t_bestand_tempo.js (67s)
EXIT 0 t_bild.js (8s)
EXIT 0 t_board_limit.js (20s)
EXIT 0 t_board_moderation.js (21s)
EXIT 0 t_boot_geometrie.js (6s)
EXIT 0 t_csp.js (4s)
EXIT 0 t_daten.js (66s)
EXIT 0 t_dialog_timer.js (0s)
EXIT 0 t_doppeltipp.js (19s)
EXIT 0 t_dreh.js (10s)
EXIT 0 t_dreh_lage.js (19s)
EXIT 0 t_einst.js (8s)
EXIT 0 t_einst_oben.js (7s)
EXIT 0 t_einstellungen.js (89s)
EXIT 0 t_einstieg.js (187s)
EXIT 0 t_einstieg_bestandskonto_g042.js (9s)
EXIT 0 t_einstieg_g083_039_040_041_044.js (78s)
EXIT 0 t_einstieg_lage.js (44s)
EXIT 0 t_erinnerung_uid.js (16s)
EXIT 0 t_erinnerung_zeit.js (11s)
EXIT 0 t_feedback_ansichten.js (71s)
EXIT 0 t_feedback_speichern.js (19s)
EXIT 0 t_fehler_fokus.js (14s)
EXIT 0 t_fehler_melden.js (13s)
EXIT 0 t_fluessig.js (16s)
EXIT 0 t_fluessig_ende.js (15s)
EXIT 0 t_fluessig_gross.js (5s)
EXIT 0 t_fortschritt.js (75s)
EXIT 0 t_fotos_runde.js (18s)
ROT t_griff_scrollen.js (8s)
AssertionError [ERR_ASSERTION]: Seite folgt dem Finger genau
Prozess: {"code":1,"signal":null,"zeitlimit":false,"fehler":null,"sekunden":8,"quelltext":"974d9bee99927e2b79627b2a46f4c02580d47459323fd271565402a80717b36f"}
EXIT 0 t_gross.js (11s)
EXIT 0 t_gross_alle.js (81s)
EXIT 0 t_gruss_datum.js (5s)
EXIT 0 t_hero_dreh.js (8s)
EXIT 0 t_heute_bereich.js (17s)
EXIT 0 t_hick.js (44s)
EXIT 0 t_idee_zeit.js (13s)
EXIT 0 t_import_doppelt.js (12s)
EXIT 0 t_import_einwilligung.js (14s)
EXIT 0 t_import_stapel.js (19s)
EXIT 0 t_inventar.js (11s)
EXIT 0 t_inventar2.js (55s)
EXIT 0 t_inventar2_gegenprobe.js (40s)
EXIT 0 t_karte_kopf.js (45s)
EXIT 0 t_karten_blatt.js (63s)
EXIT 0 t_karten_snapshot.js (4s)
EXIT 0 t_klein_boot.js (11s)
EXIT 0 t_konto.js (60s)
EXIT 0 t_konto_bestaetigungswechsel.js (2s)
EXIT 0 t_konto_dialog.js (4s)
EXIT 0 t_konto_fortsetzungen.js (58s)
EXIT 0 t_konto_loeschen2.js (78s)
EXIT 0 t_konto_loeschwechsel.js (2s)
EXIT 0 t_konto_nach_loeschen.js (3s)
EXIT 0 t_konto_nutzerfallback.js (0s)
EXIT 0 t_konto_registrierung_neuversuch.js (2s)
EXIT 0 t_konto_schreibantwort.js (14s)
EXIT 0 t_konto_stapel.js (2s)
EXIT 0 t_kontrast.js (88s)
EXIT 0 t_laden_parallel.js (7s)
EXIT 0 t_leiste.js (7s)
EXIT 0 t_lernen_start.js (104s)
EXIT 0 t_liste_lang.js (8s)
EXIT 0 t_liste_zeigen.js (43s)
EXIT 0 t_loeschen_teilen.js (23s)
EXIT 0 t_meilenstein.js (7s)
EXIT 0 t_merken_zwei.js (6s)
EXIT 0 t_neben_tippen.js (44s)
EXIT 0 t_notfound.js (7s)
EXIT 0 t_nur_betreiber.js (108s)
EXIT 0 t_ordnung.js (8s)
EXIT 0 t_paket_b.js (192s)
EXIT 0 t_paket_c.js (218s)
EXIT 0 t_paket_c_fort.js (31s)
EXIT 0 t_paket_c_kalendertage.js (199s)
EXIT 0 t_paket_c_suchpuffer.js (3s)
EXIT 0 t_paket_c_verw.js (280s)
ROT t_paket_c_weiter.js (654s)
AssertionError [ERR_ASSERTION]: C21 Fortschritt nach 600ms noch bewegt
Prozess: {"code":1,"signal":null,"zeitlimit":false,"fehler":null,"sekunden":654,"quelltext":"a8d8e5938646949fef30e7fdfb79dece7d34f493ebd8ddd9efb93ff1c9c8bff0"}
EXIT 0 t_paket_d.js (1236s)
ROT t_paket_e.js (312s)
Prozess: {"code":4294967295,"signal":null,"zeitlimit":false,"fehler":null,"sekunden":312,"quelltext":"37360c30f595c8a68220407902db49198ca66b3b69f0107d7289f058842d8d4c"}
EXIT 0 t_paket_f_bilder.js (83s)
EXIT 0 t_paket_f_css.js (0s)
EXIT 0 t_paket_f_ebenen.js (60s)
EXIT 0 t_paket_f_netz.js (19s)
EXIT 0 t_paket_f_struktur.js (0s)
EXIT 0 t_paket_f_texte.js (3s)
EXIT 0 t_paket_f_umfeld.js (98s)
EXIT 0 t_persist.js (8s)
EXIT 0 t_pruefdatum.js (0s)
EXIT 0 t_querschnitt.js (22s)
EXIT 0 t_quran_datei.js (12s)
EXIT 0 t_quran_fehler.js (11s)
EXIT 0 t_quran_schrift.js (77s)
EXIT 0 t_registrieren_zeitlimit.js (72s)
EXIT 0 t_regler_karten.js (8s)
EXIT 0 t_reihenfolge_limit.js (15s)
EXIT 0 t_reset_leerfeld.js (5s)
EXIT 0 t_ring.js (8s)
EXIT 0 t_runde_bereiche.js (50s)
EXIT 0 t_runde_gefuehl.js (8s)
EXIT 0 t_runde_lage.js (81s)
EXIT 0 t_runde_rest.js (75s)
EXIT 0 t_rundenende.js (115s)
EXIT 0 t_schreiben.js (83s)
EXIT 0 t_schreiben_vollbild.js (32s)
EXIT 0 t_scrollen.js (18s)
EXIT 0 t_serie.js (22s)
EXIT 0 t_serie_lang.js (194s)
EXIT 0 t_serie_warnung.js (7s)
EXIT 0 t_settings_kontowechsel.js (0s)
EXIT 0 t_settings_mehrgeraete.js (11s)
EXIT 0 t_sicher.js (13s)
EXIT 0 t_sprung.js (81s)
EXIT 0 t_sprung_ueben.js (48s)
EXIT 0 t_start.js (24s)
EXIT 0 t_sw.js (30s)
EXIT 0 t_sw_paket_a.js (19s)
EXIT 0 t_teilen.js (23s)
EXIT 0 t_text_anlegen.js (29s)
EXIT 0 t_text_ausschluss.js (14s)
EXIT 0 t_text_einwilligung.js (25s)
EXIT 0 t_text_felder.js (5s)
EXIT 0 t_text_fortschritt.js (21s)
EXIT 0 t_text_kreis.js (8s)
EXIT 0 t_text_nachbarn.js (29s)
EXIT 0 t_text_neu.js (127s)
EXIT 0 t_text_tempo.js (20s)
EXIT 0 t_text_zustaende.js (82s)
EXIT 0 t_ueben.js (30s)
EXIT 0 t_ueben_auswahl.js (21s)
EXIT 0 t_undo_verlauf.js (25s)
EXIT 0 t_verlauf_mehrgeraete.js (11s)
EXIT 0 t_verwalten.js (50s)
EXIT 0 t_wisch_tempo.js (0s)
EXIT 0 t_wischen.js (38s)
EXIT 0 t_wischen_schraeg.js (52s)
EXIT 0 t_wochen_kopf.js (16s)
EXIT 0 t_x_mitten.js (31s)
EXIT 0 t_zahlen.js (10s)
EXIT 0 t_zeilenanfang.js (6s)

149/152 Exit 0; 3 rot. Ausgaben noch lesen: C:\Users\USER\AppData\Local\Temp\adrabic-pruefstand-gesamt\3742bb695303b1d2
GESAMT Exit 1
