Quellstand: 2f94db7134cef8160acb18c8b6be2b8a6cd32488e2e59d4969ca07eb6f9b2958
Logs: C:\Users\USER\AppData\Local\Temp\adrabic-pruefstand-gesamt\2f94db7134cef816
Tests: 152
EXIT 0 t_317.js (13s)
EXIT 0 t_a11y.js (17s)
EXIT 0 t_abgelehnt.js (6s)
EXIT 0 t_abstimmen_fehler.js (12s)
EXIT 0 t_anfangsbuchstaben.js (5s)
EXIT 0 t_anmelden.js (114s)
EXIT 0 t_anmelden_enter.js (19s)
EXIT 0 t_ansage.js (8s)
EXIT 0 t_ansage2.js (19s)
EXIT 0 t_bereiche.js (76s)
EXIT 0 t_bestaetigung.js (43s)
EXIT 0 t_bestaetigung_bewegung_g082.js (9s)
EXIT 0 t_bestaetigung_neu.js (10s)
EXIT 0 t_bestand_tempo.js (67s)
EXIT 0 t_bild.js (7s)
EXIT 0 t_board_limit.js (20s)
EXIT 0 t_board_moderation.js (21s)
EXIT 0 t_boot_geometrie.js (7s)
EXIT 0 t_csp.js (5s)
