Quellstand: c00d9e558808a29523059f6f2bee13354ffc120b68288b27e84466f8ceac22d9
Logs: C:\Users\USER\AppData\Local\Temp\adrabic-pruefstand-gesamt\c00d9e558808a295
Tests: 152
BEWAHRT t_317.js
BEWAHRT t_a11y.js
BEWAHRT t_abgelehnt.js
BEWAHRT t_abstimmen_fehler.js
BEWAHRT t_anfangsbuchstaben.js
BEWAHRT t_anmelden.js
BEWAHRT t_anmelden_enter.js
BEWAHRT t_ansage.js
BEWAHRT t_ansage2.js
BEWAHRT t_bereiche.js
BEWAHRT t_bestaetigung.js
BEWAHRT t_bestaetigung_bewegung_g082.js
BEWAHRT t_bestaetigung_neu.js
BEWAHRT t_bestand_tempo.js
BEWAHRT t_bild.js
BEWAHRT t_board_limit.js
BEWAHRT t_board_moderation.js
BEWAHRT t_boot_geometrie.js
BEWAHRT t_csp.js
BEWAHRT t_daten.js
BEWAHRT t_dialog_timer.js
BEWAHRT t_doppeltipp.js
BEWAHRT t_dreh.js
BEWAHRT t_dreh_lage.js
BEWAHRT t_einst.js
BEWAHRT t_einst_oben.js
BEWAHRT t_einstellungen.js
BEWAHRT t_einstieg.js
BEWAHRT t_einstieg_bestandskonto_g042.js
BEWAHRT t_einstieg_g083_039_040_041_044.js
BEWAHRT t_einstieg_lage.js
BEWAHRT t_erinnerung_uid.js
BEWAHRT t_erinnerung_zeit.js
BEWAHRT t_feedback_ansichten.js
BEWAHRT t_feedback_speichern.js
BEWAHRT t_fehler_fokus.js
BEWAHRT t_fehler_melden.js
BEWAHRT t_fluessig.js
BEWAHRT t_fluessig_ende.js
BEWAHRT t_fluessig_gross.js
BEWAHRT t_fortschritt.js
BEWAHRT t_fotos_runde.js
BEWAHRT t_griff_scrollen.js
BEWAHRT t_gross.js
BEWAHRT t_gross_alle.js
BEWAHRT t_gruss_datum.js
BEWAHRT t_hero_dreh.js
BEWAHRT t_heute_bereich.js
BEWAHRT t_hick.js
BEWAHRT t_idee_zeit.js
BEWAHRT t_import_doppelt.js
BEWAHRT t_import_einwilligung.js
BEWAHRT t_import_stapel.js
BEWAHRT t_inventar.js
BEWAHRT t_inventar2.js
BEWAHRT t_inventar2_gegenprobe.js
BEWAHRT t_karte_kopf.js
BEWAHRT t_karten_blatt.js
BEWAHRT t_karten_snapshot.js
BEWAHRT t_klein_boot.js
BEWAHRT t_konto.js
BEWAHRT t_konto_bestaetigungswechsel.js
BEWAHRT t_konto_dialog.js
BEWAHRT t_konto_fortsetzungen.js
BEWAHRT t_konto_loeschen2.js
BEWAHRT t_konto_loeschwechsel.js
BEWAHRT t_konto_nach_loeschen.js
BEWAHRT t_konto_nutzerfallback.js
BEWAHRT t_konto_registrierung_neuversuch.js
BEWAHRT t_konto_schreibantwort.js
BEWAHRT t_konto_stapel.js
BEWAHRT t_kontrast.js
BEWAHRT t_laden_parallel.js
BEWAHRT t_leiste.js
BEWAHRT t_lernen_start.js
BEWAHRT t_liste_lang.js
BEWAHRT t_liste_zeigen.js
BEWAHRT t_loeschen_teilen.js
BEWAHRT t_meilenstein.js
BEWAHRT t_merken_zwei.js
BEWAHRT t_neben_tippen.js
BEWAHRT t_notfound.js
BEWAHRT t_nur_betreiber.js
BEWAHRT t_ordnung.js
BEWAHRT t_paket_b.js
BEWAHRT t_paket_c.js
BEWAHRT t_paket_c_fort.js
BEWAHRT t_paket_c_kalendertage.js
BEWAHRT t_paket_c_suchpuffer.js
BEWAHRT t_paket_c_verw.js
BEWAHRT t_paket_c_weiter.js
ROT t_paket_d.js (985s)
AssertionError [ERR_ASSERTION]: D11 keine fünf Austrittsbilder: [{"t":2429.699999988079,"op":1},{"t":2447.699999988079,"op":1},{"t":2465.199999988079,"op":1},{"t":2483.600000023842,"op":1},{"t":2501.300000011921,"op":1},{"t":2519.399999976158,"op":1},{"t":2537.5,"op":1},{"t":2555.300000011921,"op":1},{"t":2573.5,"op":1},{"t":2591.699999988079,"op":1},{"t":2609.100000023842,"op":1},{"t":2627.100000023842,"op":1},{"t":2645.300000011921,"op":0.8873},{"t":2663.5,"op":0.772925},{"t":2681.5,"op":0.660425},{"t":2699.800000011921,"op":0.54605}] | entfernt/neu gesetzt: ["2781 remove [ement.remove (eval at evaluate (:311:30), <anonymous>:10:98) < http://127.0.0.1:8099/app.js?v=3.18.23:1859:29]"]
Prozess: {"code":1,"signal":null,"zeitlimit":false,"fehler":null,"sekunden":985,"quelltext":"cefaa39d9829fb3355c686915538b4fb2ea118aabc910a8ab085ae51b4392c51"}
BEWAHRT t_paket_e.js
BEWAHRT t_paket_f_bilder.js
BEWAHRT t_paket_f_css.js
BEWAHRT t_paket_f_ebenen.js
BEWAHRT t_paket_f_netz.js
BEWAHRT t_paket_f_struktur.js
BEWAHRT t_paket_f_texte.js
BEWAHRT t_paket_f_umfeld.js
BEWAHRT t_persist.js
BEWAHRT t_pruefdatum.js
BEWAHRT t_querschnitt.js
BEWAHRT t_quran_datei.js
BEWAHRT t_quran_fehler.js
BEWAHRT t_quran_schrift.js
BEWAHRT t_registrieren_zeitlimit.js
BEWAHRT t_regler_karten.js
BEWAHRT t_reihenfolge_limit.js
BEWAHRT t_reset_leerfeld.js
BEWAHRT t_ring.js
BEWAHRT t_runde_bereiche.js
BEWAHRT t_runde_gefuehl.js
BEWAHRT t_runde_lage.js
BEWAHRT t_runde_rest.js
BEWAHRT t_rundenende.js
BEWAHRT t_schreiben.js
BEWAHRT t_schreiben_vollbild.js
BEWAHRT t_scrollen.js
BEWAHRT t_serie.js
BEWAHRT t_serie_lang.js
BEWAHRT t_serie_warnung.js
BEWAHRT t_settings_kontowechsel.js
BEWAHRT t_settings_mehrgeraete.js
BEWAHRT t_sicher.js
BEWAHRT t_sprung.js
BEWAHRT t_sprung_ueben.js
BEWAHRT t_start.js
BEWAHRT t_sw.js
BEWAHRT t_sw_paket_a.js
BEWAHRT t_teilen.js
BEWAHRT t_text_anlegen.js
BEWAHRT t_text_ausschluss.js
BEWAHRT t_text_einwilligung.js
BEWAHRT t_text_felder.js
BEWAHRT t_text_fortschritt.js
BEWAHRT t_text_kreis.js
BEWAHRT t_text_nachbarn.js
BEWAHRT t_text_neu.js
BEWAHRT t_text_tempo.js
BEWAHRT t_text_zustaende.js
BEWAHRT t_ueben.js
BEWAHRT t_ueben_auswahl.js
BEWAHRT t_undo_verlauf.js
BEWAHRT t_verlauf_mehrgeraete.js
BEWAHRT t_verwalten.js
BEWAHRT t_wisch_tempo.js
BEWAHRT t_wischen.js
BEWAHRT t_wischen_schraeg.js
BEWAHRT t_wochen_kopf.js
BEWAHRT t_x_mitten.js
BEWAHRT t_zahlen.js

151/152 Exit 0; 1 rot. Ausgaben noch lesen: C:\Users\USER\AppData\Local\Temp\adrabic-pruefstand-gesamt\c00d9e558808a295
GESAMT Exit 1 Roblox True
