{"id":"01-bereich-blatt-auf","fehler":null,"anim":3,"namen":["enter-fade@div.dlg-backdrop 0+140","sheet-up@div.dlg 0+280","einstieg-haken@svg.i.i-sm 0+200"],"ebenenBei20ms":["html.blatt-offen","div.sheet-liste"],"ebenenAmEnde":["html.blatt-offen","div.dlg","div.sheet-liste"],"seitenfehler":[]}
{"id":"02-bereich-blatt-zu-escape","fehler":null,"anim":0,"namen":[],"ebenenBei20ms":["html.blatt-offen","div.dlg","div.sheet-liste"],"ebenenAmEnde":[],"seitenfehler":[]}
{"id":"03-hinweis-weg","fehler":null,"anim":0,"namen":[],"ebenenBei20ms":[],"ebenenAmEnde":[],"seitenfehler":[]}
{"id":"04-verwalten","fehler":null,"anim":7,"namen":["enter-vor@div.view 0+280","einstieg-zeile@div.card-row.card-row--eintritt 60+300","einstieg-zeile@div.card-row.card-row--eintritt 88+300","einstieg-zeile@div.card-row.card-row--eintritt 116+300","einstieg-zeile@div.card-row.card-row--eintritt 144+300","einstieg-zeile@div.card-row.card-row--eintritt 172+300","einstieg-zeile@div.card-row.card-row--eintritt 200+300"],"ebenenBei20ms":[],"ebenenAmEnde":[],"seitenfehler":[]}
{"id":"05-mehr-auf","fehler":null,"anim":2,"namen":["enter-fade@div.dlg-backdrop 0+140","sheet-up@div.dlg 0+280"],"ebenenBei20ms":["html.blatt-offen","div.dlg","div.sheet-liste"],"ebenenAmEnde":["html.blatt-offen","div.dlg","div.sheet-liste"],"seitenfehler":[]}
{"id":"06-mehr-zu-escape","fehler":null,"anim":0,"namen":[],"ebenenBei20ms":["html.blatt-offen","div.dlg","div.sheet-liste"],"ebenenAmEnde":[],"seitenfehler":[]}
{"id":"07-speicherkarten-auf","fehler":null,"anim":0,"namen":[],"ebenenBei20ms":[],"ebenenAmEnde":[],"seitenfehler":[]}
{"id":"08-speicherkarten-zu","fehler":null,"anim":0,"namen":[],"ebenenBei20ms":[],"ebenenAmEnde":[],"seitenfehler":[]}
{"id":"09-karte-detail-auf","fehler":null,"anim":8,"namen":["enter-fade@div.dlg-backdrop 0+140","sheet-up@div.dlg.dlg--card-detail 0+280","einstieg-punkt@span.zustand-punkte__p.voll 160+360","einstieg-punkt@span.zustand-punkte__p 220+360","einstieg-punkt@span.zustand-punkte__p 280+360","einstieg-punkt@span.zustand-punkte__p 340+360","einstieg-punkt@span.zustand-punkte__p 400+360","einstieg-punkt@span.zustand-punkte__p 460+360"],"ebenenBei20ms":["html.blatt-offen","div.dlg.dlg--card-detail"],"ebenenAmEnde":["html.blatt-offen","div.dlg.dlg--card-detail"],"seitenfehler":[]}
{"id":"10-karte-detail-zu-escape","fehler":null,"anim":0,"namen":[],"ebenenBei20ms":["html.blatt-offen","div.dlg.dlg--card-detail"],"ebenenAmEnde":[],"seitenfehler":[]}
{"id":"11-kartenblatt-auf","fehler":null,"anim":8,"namen":["T:background-color@input.arabic 0+140","T:border-bottom-color@input.arabic 0+140","T:border-left-color@input.arabic 0+140","T:border-right-color@input.arabic 0+140","T:border-top-color@input.arabic 0+140","T:box-shadow@input.arabic 0+140","enter-fade@div.dlg-backdrop 0+140","sheet-up@div.dlg 0+280"],"ebenenBei20ms":["html.blatt-offen","div.dlg"],"ebenenAmEnde":["html.blatt-offen","div.dlg"],"seitenfehler":[]}
{"id":"12-kartenblatt-zu-fertig","fehler":null,"anim":0,"namen":[],"ebenenBei20ms":["html.blatt-offen","div.dlg"],"ebenenAmEnde":[],"seitenfehler":[]}
{"id":"13-kartenblatt-auf2","fehler":null,"anim":8,"namen":["T:background-color@input.arabic 0+140","T:border-bottom-color@input.arabic 0+140","T:border-left-color@input.arabic 0+140","T:border-right-color@input.arabic 0+140","T:border-top-color@input.arabic 0+140","T:box-shadow@input.arabic 0+140","enter-fade@div.dlg-backdrop 0+140","sheet-up@div.dlg 0+280"],"ebenenBei20ms":["html.blatt-offen","div.dlg"],"ebenenAmEnde":["html.blatt-offen","div.dlg"],"seitenfehler":[]}
{"id":"14-kartenblatt-zu-daneben","fehler":null,"anim":0,"namen":[],"ebenenBei20ms":["html.blatt-offen","div.dlg"],"ebenenAmEnde":[],"seitenfehler":[]}
{"id":"15-ueben-auf","fehler":null,"anim":0,"namen":[],"ebenenBei20ms":[],"ebenenAmEnde":[],"seitenfehler":[]}
{"id":"16-ueben-start","fehler":null,"anim":6,"namen":["fortschritt-waechst@div.modebar__fortschritt 0+520","mitte-weg@span.mitte-wechsel__a 0+3800","mitte-her@span.mitte-wechsel__b 0+3800","stapel-rueckt@div.study-stapel.study-stapel--2 0+420","stapel-rueckt@div.study-stapel.study-stapel--1 0+420","karte-kommt@div.study-flaeche.study-flaeche--wartet 0+420"],"ebenenBei20ms":[],"ebenenAmEnde":[],"seitenfehler":[]}
{"id":"17-ueben-aufdecken","fehler":null,"anim":9,"namen":["fortschritt-waechst@div.modebar__fortschritt 0+520","karte-hebt@div.study-flaeche.study-flaeche--offen 0+540","karte-wende@div.karte-dreh.karte-dreh--wende 0+540","vorn-weg@div.karte-seite.karte-seite--vorn 0+540","karte-schatten@div.karte-seite.karte-seite--vorn::before 0+540","karte-schatten@div.karte-seite.karte-seite--hinten::before 0+540","bewertung-da@button.btn-unknown 140+200","bewertung-da@button.btn-almost 140+200","bewertung-da@button.btn-known 140+200"],"ebenenBei20ms":[],"ebenenAmEnde":[],"seitenfehler":[]}
{"id":"18-ueben-ende-x","fehler":null,"anim":1,"namen":["enter-zurueck@div.view.view--lernen 0+280"],"ebenenBei20ms":[],"ebenenAmEnde":[],"seitenfehler":[]}
{"id":"19-lernen","fehler":null,"anim":0,"namen":[],"ebenenBei20ms":[],"ebenenAmEnde":[],"seitenfehler":[]}
{"id":"20-einstellungen","fehler":null,"anim":7,"namen":["enter-vor@div.view.view--einstellungen 0+280","einstieg-kachel@div.profil 0+420","einstieg-zeile@button.liste-zeile 40+300","einstieg-zeile@button.liste-zeile 85+300","einstieg-zeile@button.liste-zeile 130+300","einstieg-zeile@button.liste-zeile 175+300","einstieg-zeile@button.liste-zeile.gefahr 85+300"],"ebenenBei20ms":[],"ebenenAmEnde":[],"seitenfehler":[]}
{"id":"21-wahl-blatt-auf","fehler":null,"anim":3,"namen":["enter-fade@div.dlg-backdrop 0+140","sheet-up@div.dlg 0+280","einstieg-haken@svg.i.i-sm 0+200"],"ebenenBei20ms":["html.blatt-offen","div.dlg","div.sheet-liste"],"ebenenAmEnde":["html.blatt-offen","div.dlg","div.sheet-liste"],"seitenfehler":[]}
{"id":"22-wahl-blatt-zu-escape","fehler":null,"anim":0,"namen":[],"ebenenBei20ms":["html.blatt-offen","div.dlg","div.sheet-liste"],"ebenenAmEnde":[],"seitenfehler":[]}
{"id":"23-erinnerung-auf","fehler":null,"anim":2,"namen":["enter-fade@div.dlg-backdrop 0+140","sheet-up@div.dlg 0+280"],"ebenenBei20ms":["html.blatt-offen","div.dlg"],"ebenenAmEnde":["html.blatt-offen","div.dlg"],"seitenfehler":[]}
{"id":"24-erinnerung-zu-escape","fehler":null,"anim":0,"namen":[],"ebenenBei20ms":["html.blatt-offen","div.dlg"],"ebenenAmEnde":[],"seitenfehler":[]}
{"id":"25-name-auf","fehler":null,"anim":8,"namen":["T:background-color@input 0+140","T:border-bottom-color@input 0+140","T:border-left-color@input 0+140","T:border-right-color@input 0+140","T:border-top-color@input 0+140","T:box-shadow@input 0+140","enter-fade@div.dlg-backdrop 0+140","sheet-up@div.dlg 0+280"],"ebenenBei20ms":["html.blatt-offen","div.dlg"],"ebenenAmEnde":["html.blatt-offen","div.dlg"],"seitenfehler":[]}
{"id":"26-name-zu-escape","fehler":null,"anim":0,"namen":[],"ebenenBei20ms":["html.blatt-offen","div.dlg"],"ebenenAmEnde":[],"seitenfehler":[]}
{"id":"27-fehler-melden-auf","fehler":null,"anim":8,"namen":["enter-fade@div.error-modal__backdrop 0+140","sheet-up@div.error-modal__dialog 0+280","T:background-color@textarea 0+140","T:border-bottom-color@textarea 0+140","T:border-left-color@textarea 0+140","T:border-right-color@textarea 0+140","T:border-top-color@textarea 0+140","T:box-shadow@textarea 0+140"],"ebenenBei20ms":["div.error-modal__dialog"],"ebenenAmEnde":["div.error-modal__dialog"],"seitenfehler":[]}
{"id":"28-fehler-melden-zu-escape","fehler":null,"anim":0,"namen":[],"ebenenBei20ms":[],"ebenenAmEnde":[],"seitenfehler":[]}
{"id":"29-abmelden-dialog","fehler":null,"anim":2,"namen":["enter-fade@div.dlg-backdrop 0+140","sheet-up@div.dlg 0+280"],"ebenenBei20ms":["html.blatt-offen","div.dlg"],"ebenenAmEnde":["html.blatt-offen","div.dlg"],"seitenfehler":[]}
{"id":"30-abmelden-dialog-zu-escape","fehler":null,"anim":0,"namen":[],"ebenenBei20ms":["html.blatt-offen","div.dlg"],"ebenenAmEnde":[],"seitenfehler":[]}
{"id":"31-einstellungen-zu","fehler":null,"anim":1,"namen":["enter-zurueck@div.view.view--lernen 0+280"],"ebenenBei20ms":[],"ebenenAmEnde":[],"seitenfehler":[]}
{"id":"32-runde","fehler":null,"anim":4,"namen":["fortschritt-waechst@div.modebar__fortschritt 0+520","stapel-rueckt@div.study-stapel.study-stapel--2 0+420","stapel-rueckt@div.study-stapel.study-stapel--1 0+420","karte-kommt@div.study-flaeche.study-flaeche--wartet 0+420"],"ebenenBei20ms":[],"ebenenAmEnde":[],"seitenfehler":[]}
{"id":"33-runde-x-dialog","fehler":null,"anim":1,"namen":["enter-zurueck@div.view.view--lernen 0+280"],"ebenenBei20ms":[],"ebenenAmEnde":[],"seitenfehler":[]}
